#
# A fatal error has been detected by the Java Runtime Environment:
#
#  Internal Error (relocInfo_x86.cpp:106), pid=26584, tid=23212
#  Error: ShouldNotReachHere()
#
# JRE version: OpenJDK Runtime Environment JBR-21.0.4+13-509.26-jcef (21.0.4+13) (build 21.0.4+13-b509.26)
# Java VM: OpenJDK 64-Bit Server VM JBR-21.0.4+13-509.26-jcef (21.0.4+13-b509.26, mixed mode, tiered, compressed oops, compressed class ptrs, g1 gc, windows-amd64)
# No core dump will be written. Minidumps are not enabled by default on client versions of Windows
#
# If you would like to submit a bug report, please visit:
#   https://youtrack.jetbrains.com/issues/JBR
#

---------------  S U M M A R Y ------------

Command Line: abort vfprintf -XX:ErrorFile=C:\Users\HLC_2021\java_error_in_rider_%p.log -XX:HeapDumpPath=C:\Users\HLC_2021\java_error_in_rider.hprof -Xms128m -Xmx2048m -XX:+HeapDumpOnOutOfMemoryError -XX:-OmitStackTraceInFastThrow -XX:+IgnoreUnrecognizedVMOptions -ea -Dsun.io.useCanonCaches=false -Dsun.java2d.metal=true -Djbr.catch.SIGABRT=true -Djdk.http.auth.tunneling.disabledSchemes="" -Djdk.attach.allowAttachSelf=true -Djdk.module.illegalAccess.silent=true -Dkotlinx.coroutines.debug=off -XX:CICompilerCount=2 -XX:ReservedCodeCacheSize=512m -XX:+UnlockDiagnosticVMOptions -XX:TieredOldPercentage=100000 -Xms128m -Xmx4075m -XX:ReservedCodeCacheSize=512m -XX:+IgnoreUnrecognizedVMOptions -XX:+UseG1GC -XX:SoftRefLRUPolicyMSPerMB=50 -XX:CICompilerCount=2 -XX:+HeapDumpOnOutOfMemoryError -XX:-OmitStackTraceInFastThrow -ea -Dsun.io.useCanonCaches=false -Djdk.http.auth.tunneling.disabledSchemes="" -Djdk.attach.allowAttachSelf=true -Djdk.module.illegalAccess.silent=true -Dkotlinx.coroutines.debug=off -XX:ErrorFile=$USER_HOME/java_error_in_idea_%p.log -XX:HeapDumpPath=$USER_HOME/java_error_in_idea.hprof --add-opens=java.base/jdk.internal.org.objectweb.asm=ALL-UNNAMED --add-opens=java.base/jdk.internal.org.objectweb.asm.tree=ALL-UNNAMED -javaagent:C:\Users\HLC_2021\Downloads\jetbra-ded4f9dc4fcb60294b21669dafa90330f2713ce4 (1)\jetbra\ja-netfilter.jar=jetbrains -Djb.vmOptionsFile=C:\Users\HLC_2021\Downloads\jetbra-ded4f9dc4fcb60294b21669dafa90330f2713ce4 (1)\jetbra\vmoptions\rider.vmoptions -Djava.system.class.loader=com.intellij.util.lang.PathClassLoader -Didea.vendor.name=JetBrains -Didea.paths.selector=Rider2024.2 -Djna.boot.library.path=C:\Program Files\JetBrains\JetBrains Rider 2024.2.7/lib/jna/amd64 -Dpty4j.preferred.native.folder=C:\Program Files\JetBrains\JetBrains Rider 2024.2.7/lib/pty4j -Djna.nosys=true -Djna.noclasspath=true -Dintellij.platform.runtime.repository.path=C:\Program Files\JetBrains\JetBrains Rider 2024.2.7/modules/module-descriptors.jar -Didea.platform.prefix=Rider -Dide.native.launcher=true -Didea.class.before.app=com.jetbrains.rider.protocol.EarlyBackendStarter -Didea.show.customize.ide.wizard=true -DFilePageCache.THROW_ERROR_ON_DUPLICATE_STORAGE_REGISTRATION=false -Dsplash=true -Daether.connector.resumeDownloads=false --add-opens=java.base/java.io=ALL-UNNAMED --add-opens=java.base/java.lang=ALL-UNNAMED --add-opens=java.base/java.lang.ref=ALL-UNNAMED --add-opens=java.base/java.lang.reflect=ALL-UNNAMED --add-opens=java.base/java.net=ALL-UNNAMED --add-opens=java.base/java.nio=ALL-UNNAMED --add-opens=java.base/java.nio.charset=ALL-UNNAMED --add-opens=java.base/java.text=ALL-UNNAMED --add-opens=java.base/java.time=ALL-UNNAMED --add-opens=java.base/java.util=ALL-UNNAMED --add-opens=java.base/java.util.concurrent=ALL-UNNAMED --add-opens=java.base/java.util.concurrent.atomic=ALL-UNNAMED --add-opens=java.base/java.util.concurrent.locks=ALL-UNNAMED --add-opens=java.base/jdk.internal.vm=ALL-UNNAMED --add-opens=java.base/sun.net.dns=ALL-UNNAMED --add-opens=java.base/sun.nio.ch=ALL-UNNAMED --add-opens=java.base/sun.nio.fs=ALL-UNNAMED --add-opens=java.base/sun.security.ssl=ALL-UNNAMED --add-opens=java.base/sun.security.util=ALL-UNNAMED --add-opens=java.desktop/com.sun.java.swing=ALL-UNNAMED --add-opens=java.desktop/java.awt=ALL-UNNAMED --add-opens=java.desktop/java.awt.dnd.peer=ALL-UNNAMED --add-opens=java.desktop/java.awt.event=ALL-UNNAMED --add-opens=java.desktop/java.awt.font=ALL-UNNAMED --add-opens=java.desktop/java.awt.image=ALL-UNNAMED --add-opens=java.desktop/java.awt.peer=ALL-UNNAMED --add-opens=java.desktop/javax.swing=ALL-UNNAMED --add-opens=java.desktop/javax.swing.plaf.basic=ALL-UNNAMED --add-opens=java.desktop/javax.swing.text=ALL-UNNAMED --add-opens=java.desktop/javax.swing.text.html=ALL-UNNAMED --add-opens=java.desktop/sun.awt=ALL-UNNAMED --add-opens=java.desktop/sun.awt.datatransfer=ALL-UNNAMED --add-opens=java.desktop/sun.awt.image=ALL-UNNAMED --add-opens=java.desktop/sun.awt.windows=ALL-UNNAMED --add-opens=java.desktop/sun.font=ALL-UNNAMED --add-opens=java.desktop/sun.java2d=ALL-UNNAMED --add-opens=java.desktop/sun.swing=ALL-UNNAMED --add-opens=java.management/sun.management=ALL-UNNAMED --add-opens=jdk.attach/sun.tools.attach=ALL-UNNAMED --add-opens=jdk.compiler/com.sun.tools.javac.api=ALL-UNNAMED --add-opens=jdk.internal.jvmstat/sun.jvmstat.monitor=ALL-UNNAMED --add-opens=jdk.jdi/com.sun.tools.jdi=ALL-UNNAMED -Dide.native.launcher=true -Djcef.sandbox.ptr=000001F2C60E0B40 -Djcef.sandbox.cefVersion=122.1.9+gd14e051+chromium-122.0.6261.94 com.intellij.idea.Main E:\Project\SD Playable Ads\SD Playable Ads.sln --line -1 --column -1 E:\Project\SD Playable Ads\Assets\Script\Spawn\HouseManager.cs

Host: 11th Gen Intel(R) Core(TM) i7-11700 @ 2.50GHz, 16 cores, 31G,  Windows 11 , 64 bit Build 22621 (10.0.22621.3672)
Time: Wed Nov  6 08:38:16 2024 SE Asia Standard Time elapsed time: 4.462923 seconds (0d 0h 0m 4s)

---------------  T H R E A D  ---------------

Current thread (0x000001f2f5301030):  JavaThread "C1 CompilerThread0" daemon [_thread_in_vm, id=23212, stack(0x0000007085c00000,0x0000007085d00000) (1024K)]


Current CompileTask:
C1:   4462 12405   !   3       java.util.concurrent.ConcurrentHashMap::replaceNode (437 bytes)

Stack: [0x0000007085c00000,0x0000007085d00000]
Native frames: (J=compiled Java code, j=interpreted, Vv=VM code, C=native code)
V  [jvm.dll+0x6e3739]
V  [jvm.dll+0x8c0c33]
V  [jvm.dll+0x8c318e]
V  [jvm.dll+0x8c3827]
V  [jvm.dll+0x2881d7]
V  [jvm.dll+0x2881fc]
V  [jvm.dll+0x288150]
V  [jvm.dll+0x734195]
V  [jvm.dll+0x732030]
V  [jvm.dll+0x236d73]
V  [jvm.dll+0x234d17]
V  [jvm.dll+0x6b51f3]
V  [jvm.dll+0x6b85c1]
V  [jvm.dll+0x1f0940]
V  [jvm.dll+0x156da2]
V  [jvm.dll+0x15603f]
V  [jvm.dll+0x157e61]
V  [jvm.dll+0x25e88c]
V  [jvm.dll+0x25cdd6]
V  [jvm.dll+0x3fe076]
V  [jvm.dll+0x8688c8]
V  [jvm.dll+0x6e1f3d]
C  [ucrtbase.dll+0x29333]
C  [KERNEL32.DLL+0x1257d]
C  [ntdll.dll+0x5af28]


---------------  P R O C E S S  ---------------

Threads class SMR info:
_java_thread_list=0x000001f3637ea880, length=84, elements={
0x000001f2c872fd80, 0x000001f2f525e530, 0x000001f2f52b7840, 0x000001f2f52fb3b0,
0x000001f2f52fce20, 0x000001f2f5300030, 0x000001f2f52d8520, 0x000001f2f52dd6f0,
0x000001f2f5301030, 0x000001f2f5484480, 0x000001f2f5961b10, 0x000001f2a2d95f50,
0x000001f2a2e1af20, 0x000001f2a2e2d380, 0x000001f2a2e3f900, 0x000001f2a2e46a60,
0x000001f2a2e47e10, 0x000001f2a2e456b0, 0x000001f2a2e470f0, 0x000001f2a2e45020,
0x000001f2a2e463d0, 0x000001f2a2e47780, 0x000001f2a2e484a0, 0x000001f2a30332b0,
0x000001f2a3032590, 0x000001f2a302f7a0, 0x000001f2a3033fd0, 0x000001f2a302fe30,
0x000001f2a3034cf0, 0x000001f2a3035a10, 0x000001f2a3036730, 0x000001f2a3031f00,
0x000001f2a3f82a10, 0x000001f2a3f82380, 0x000001f2a3f80fd0, 0x000001f2a3f81660,
0x000001f2a412eb60, 0x000001f2a412ff10, 0x000001f2a41305a0, 0x000001f2bed22930,
0x000001f2bed21580, 0x000001f2bed22fc0, 0x000001f2bed201d0, 0x000001f2bed1d3e0,
0x000001f2a4131950, 0x000001f2bf5e72d0, 0x000001f2bf5e7ff0, 0x000001f2bf5e7960,
0x000001f2bf5e8680, 0x000001f2bf5e8d10, 0x000001f2bf674480, 0x000001f2bf670970,
0x000001f2bf671000, 0x000001f305e77220, 0x000001f305e73da0, 0x000001f326516fb0,
0x000001f330ee5c30, 0x000001f330eeec90, 0x000001f330eee600, 0x000001f330ef1a80,
0x000001f330ef2110, 0x000001f330ef27a0, 0x000001f33786d2c0, 0x000001f337872810,
0x000001f337f8c000, 0x000001f337f89210, 0x000001f337f8e0d0, 0x000001f337f8a5c0,
0x000001f337f898a0, 0x000001f337f8cd20, 0x000001f337f8d3b0, 0x000001f337f89f30,
0x000001f337f8ac50, 0x000001f337f95060, 0x000001f34c5c4190, 0x000001f34c5cdf10,
0x000001f35359ef40, 0x000001f35aec0b10, 0x000001f35aec9b70, 0x000001f35aecc960,
0x000001f35aecd680, 0x000001f35aec66f0, 0x000001f35aed4610, 0x000001f3650b3b40
}

Java Threads: ( => current thread )
  0x000001f2c872fd80 JavaThread "main"                              [_thread_blocked, id=5476, stack(0x0000007084c00000,0x0000007084e00000) (2048K)]
  0x000001f2f525e530 JavaThread "Reference Handler"          daemon [_thread_blocked, id=27944, stack(0x0000007085500000,0x0000007085600000) (1024K)]
  0x000001f2f52b7840 JavaThread "Finalizer"                  daemon [_thread_blocked, id=26084, stack(0x0000007085600000,0x0000007085700000) (1024K)]
  0x000001f2f52fb3b0 JavaThread "Signal Dispatcher"          daemon [_thread_blocked, id=21000, stack(0x0000007085700000,0x0000007085800000) (1024K)]
  0x000001f2f52fce20 JavaThread "Attach Listener"            daemon [_thread_blocked, id=21648, stack(0x0000007085800000,0x0000007085900000) (1024K)]
  0x000001f2f5300030 JavaThread "Service Thread"             daemon [_thread_blocked, id=27616, stack(0x0000007085900000,0x0000007085a00000) (1024K)]
  0x000001f2f52d8520 JavaThread "Monitor Deflation Thread"   daemon [_thread_blocked, id=23496, stack(0x0000007085a00000,0x0000007085b00000) (1024K)]
  0x000001f2f52dd6f0 JavaThread "C2 CompilerThread0"         daemon [_thread_blocked, id=23752, stack(0x0000007085b00000,0x0000007085c00000) (1024K)]
=>0x000001f2f5301030 JavaThread "C1 CompilerThread0"         daemon [_thread_in_vm, id=23212, stack(0x0000007085c00000,0x0000007085d00000) (1024K)]
  0x000001f2f5484480 JavaThread "Common-Cleaner"             daemon [_thread_blocked, id=25280, stack(0x0000007085d00000,0x0000007085e00000) (1024K)]
  0x000001f2f5961b10 JavaThread "Notification Thread"        daemon [_thread_blocked, id=28380, stack(0x0000007086300000,0x0000007086400000) (1024K)]
  0x000001f2a2d95f50 JavaThread "DefaultDispatcher-worker-1" daemon [_thread_blocked, id=23000, stack(0x0000007086400000,0x0000007086500000) (1024K)]
  0x000001f2a2e1af20 JavaThread "DefaultDispatcher-worker-2" daemon [_thread_blocked, id=25236, stack(0x0000007086500000,0x0000007086600000) (1024K)]
  0x000001f2a2e2d380 JavaThread "DefaultDispatcher-worker-3" daemon [_thread_blocked, id=27560, stack(0x0000007086600000,0x0000007086700000) (1024K)]
  0x000001f2a2e3f900 JavaThread "DefaultDispatcher-worker-4" daemon [_thread_blocked, id=18368, stack(0x0000007086700000,0x0000007086800000) (1024K)]
  0x000001f2a2e46a60 JavaThread "DefaultDispatcher-worker-5" daemon [_thread_blocked, id=21360, stack(0x0000007086800000,0x0000007086900000) (1024K)]
  0x000001f2a2e47e10 JavaThread "DefaultDispatcher-worker-6" daemon [_thread_blocked, id=2192, stack(0x0000007086900000,0x0000007086a00000) (1024K)]
  0x000001f2a2e456b0 JavaThread "DefaultDispatcher-worker-7" daemon [_thread_blocked, id=20996, stack(0x0000007086a00000,0x0000007086b00000) (1024K)]
  0x000001f2a2e470f0 JavaThread "DefaultDispatcher-worker-8" daemon [_thread_blocked, id=20836, stack(0x0000007086b00000,0x0000007086c00000) (1024K)]
  0x000001f2a2e45020 JavaThread "DefaultDispatcher-worker-9" daemon [_thread_blocked, id=27172, stack(0x0000007086c00000,0x0000007086d00000) (1024K)]
  0x000001f2a2e463d0 JavaThread "DefaultDispatcher-worker-10" daemon [_thread_blocked, id=10784, stack(0x0000007086d00000,0x0000007086e00000) (1024K)]
  0x000001f2a2e47780 JavaThread "DefaultDispatcher-worker-11" daemon [_thread_blocked, id=1308, stack(0x0000007086e00000,0x0000007086f00000) (1024K)]
  0x000001f2a2e484a0 JavaThread "DefaultDispatcher-worker-12" daemon [_thread_blocked, id=27508, stack(0x0000007086f00000,0x0000007087000000) (1024K)]
  0x000001f2a30332b0 JavaThread "DefaultDispatcher-worker-13" daemon [_thread_blocked, id=26936, stack(0x0000007087000000,0x0000007087100000) (1024K)]
  0x000001f2a3032590 JavaThread "DefaultDispatcher-worker-14" daemon [_thread_blocked, id=10876, stack(0x0000007087100000,0x0000007087200000) (1024K)]
  0x000001f2a302f7a0 JavaThread "DefaultDispatcher-worker-15" daemon [_thread_blocked, id=11332, stack(0x0000007087200000,0x0000007087300000) (1024K)]
  0x000001f2a3033fd0 JavaThread "DefaultDispatcher-worker-16" daemon [_thread_blocked, id=21396, stack(0x0000007087300000,0x0000007087400000) (1024K)]
  0x000001f2a302fe30 JavaThread "Java2D Disposer"            daemon [_thread_blocked, id=27020, stack(0x0000007087400000,0x0000007087500000) (1024K)]
  0x000001f2a3034cf0 JavaThread "AWT-Shutdown"                      [_thread_blocked, id=26348, stack(0x0000007087500000,0x0000007087600000) (1024K)]
  0x000001f2a3035a10 JavaThread "AWT-Windows"                daemon [_thread_in_native, id=27252, stack(0x0000007087d00000,0x0000007087e00000) (1024K)]
  0x000001f2a3036730 JavaThread "DefaultDispatcher-worker-17" daemon [_thread_blocked, id=12300, stack(0x0000007087e00000,0x0000007087f00000) (1024K)]
  0x000001f2a3031f00 JavaThread "EventQueueMonitor-ComponentEvtDispatch" daemon [_thread_blocked, id=28496, stack(0x0000007087f00000,0x0000007088000000) (1024K)]
  0x000001f2a3f82a10 JavaThread "External Command Listener"  daemon [_thread_in_native, id=26772, stack(0x0000007088000000,0x0000007088100000) (1024K)]
  0x000001f2a3f82380 JavaThread "kotlinx.coroutines.DefaultExecutor" daemon [_thread_blocked, id=6028, stack(0x0000007088100000,0x0000007088200000) (1024K)]
  0x000001f2a3f80fd0 JavaThread "Thread-18"                  daemon [_thread_in_native, id=9348, stack(0x0000007088200000,0x0000007088300000) (1024K)]
  0x000001f2a3f81660 JavaThread "AWT-EventQueue-0"                  [_thread_blocked, id=5852, stack(0x0000007088300000,0x0000007088400000) (1024K)]
  0x000001f2a412eb60 JavaThread "EarlyStartServerWire/Sender" daemon [_thread_blocked, id=24740, stack(0x0000007088400000,0x0000007088500000) (1024K)]
  0x000001f2a412ff10 JavaThread "EarlyStartServerWire"       daemon [_thread_in_native, id=24368, stack(0x0000007088700000,0x0000007088800000) (1024K)]
  0x000001f2a41305a0 JavaThread "SerializersBackgroundRegistrar" daemon [_thread_blocked, id=28548, stack(0x0000007088800000,0x0000007088900000) (1024K)]
  0x000001f2bed22930 JavaThread "Program"                           [_thread_in_native, id=12408, stack(0x0000007088900000,0x0000007088a00000) (1024K)]
  0x000001f2bed21580 JavaThread "BaseDataReader: output stream of Program"        [_thread_in_native, id=6532, stack(0x0000007088a00000,0x0000007088b00000) (1024K)]
  0x000001f2bed22fc0 JavaThread "BaseDataReader: error stream of Program"        [_thread_in_native, id=21140, stack(0x0000007088b00000,0x0000007088c00000) (1024K)]
  0x000001f2bed201d0 JavaThread "Image Fetcher 0"            daemon [_thread_blocked, id=21484, stack(0x0000007088c00000,0x0000007088d00000) (1024K)]
  0x000001f2bed1d3e0 JavaThread "DefaultDispatcher-worker-18" daemon [_thread_blocked, id=4868, stack(0x0000007088d00000,0x0000007088e00000) (1024K)]
  0x000001f2a4131950 JavaThread "DefaultDispatcher-worker-20" daemon [_thread_blocked, id=4756, stack(0x0000007088e00000,0x0000007088f00000) (1024K)]
  0x000001f2bf5e72d0 JavaThread "DefaultDispatcher-worker-19" daemon [_thread_blocked, id=24212, stack(0x0000007088f00000,0x0000007089000000) (1024K)]
  0x000001f2bf5e7ff0 JavaThread "DefaultDispatcher-worker-21" daemon [_thread_blocked, id=26928, stack(0x0000007089000000,0x0000007089100000) (1024K)]
  0x000001f2bf5e7960 JavaThread "DefaultDispatcher-worker-22" daemon [_thread_blocked, id=2160, stack(0x0000007089100000,0x0000007089200000) (1024K)]
  0x000001f2bf5e8680 JavaThread "DefaultDispatcher-worker-23" daemon [_thread_blocked, id=12396, stack(0x0000007089200000,0x0000007089300000) (1024K)]
  0x000001f2bf5e8d10 JavaThread "DefaultDispatcher-worker-24" daemon [_thread_blocked, id=7064, stack(0x0000007089300000,0x0000007089400000) (1024K)]
  0x000001f2bf674480 JavaThread "PeriodicMetricReader"       daemon [_thread_blocked, id=9780, stack(0x0000007089400000,0x0000007089500000) (1024K)]
  0x000001f2bf670970 JavaThread "Coroutines Debugger Cleaner" daemon [_thread_blocked, id=2236, stack(0x0000007089500000,0x0000007089600000) (1024K)]
  0x000001f2bf671000 JavaThread "JVMResponsivenessMonitor"   daemon [_thread_blocked, id=4216, stack(0x0000007089600000,0x0000007089700000) (1024K)]
  0x000001f305e77220 JavaThread "Periodic tasks thread"      daemon [_thread_blocked, id=1384, stack(0x0000007089700000,0x0000007089800000) (1024K)]
  0x000001f305e73da0 JavaThread "ApplicationImpl pooled thread 1"        [_thread_blocked, id=1360, stack(0x0000007089800000,0x0000007089900000) (1024K)]
  0x000001f326516fb0 JavaThread "JNA Cleaner"                daemon [_thread_blocked, id=28300, stack(0x0000007089900000,0x0000007089a00000) (1024K)]
  0x000001f330ee5c30 JavaThread "Netty Builtin Server 1"     daemon [_thread_in_native, id=28220, stack(0x0000007089a00000,0x0000007089b00000) (1024K)]
  0x000001f330eeec90 JavaThread "ApplicationImpl pooled thread 2"        [_thread_blocked, id=23788, stack(0x0000007089c00000,0x0000007089d00000) (1024K)]
  0x000001f330eee600 JavaThread "pool-4-thread-1"                   [_thread_blocked, id=25332, stack(0x0000007089d00000,0x0000007089e00000) (1024K)]
  0x000001f330ef1a80 JavaThread "fsnotifier.exe"                    [_thread_in_native, id=24332, stack(0x0000007089e00000,0x0000007089f00000) (1024K)]
  0x000001f330ef2110 JavaThread "BaseDataReader: output stream of fsnotifier.exe"        [_thread_in_native, id=25948, stack(0x0000007089f00000,0x000000708a000000) (1024K)]
  0x000001f330ef27a0 JavaThread "BaseDataReader: error stream of fsnotifier.exe"        [_thread_in_native, id=9228, stack(0x000000708a000000,0x000000708a100000) (1024K)]
  0x000001f33786d2c0 JavaThread "BackgroundScheduler"        daemon [_thread_blocked, id=24900, stack(0x000000708a100000,0x000000708a200000) (1024K)]
  0x000001f337872810 JavaThread "I/O pool 7"                        [_thread_blocked, id=27832, stack(0x000000708a200000,0x000000708a300000) (1024K)]
  0x000001f337f8c000 JavaThread "DefaultDispatcher-worker-25" daemon [_thread_blocked, id=1744, stack(0x000000708a300000,0x000000708a400000) (1024K)]
  0x000001f337f89210 JavaThread "DefaultDispatcher-worker-26" daemon [_thread_blocked, id=26044, stack(0x000000708a400000,0x000000708a500000) (1024K)]
  0x000001f337f8e0d0 JavaThread "DefaultDispatcher-worker-28" daemon [_thread_blocked, id=28424, stack(0x000000708a500000,0x000000708a600000) (1024K)]
  0x000001f337f8a5c0 JavaThread "DefaultDispatcher-worker-29" daemon [_thread_blocked, id=27912, stack(0x000000708a600000,0x000000708a700000) (1024K)]
  0x000001f337f898a0 JavaThread "DefaultDispatcher-worker-32" daemon [_thread_blocked, id=26708, stack(0x000000708a700000,0x000000708a800000) (1024K)]
  0x000001f337f8cd20 JavaThread "DefaultDispatcher-worker-27" daemon [_thread_blocked, id=27536, stack(0x000000708a800000,0x000000708a900000) (1024K)]
  0x000001f337f8d3b0 JavaThread "DefaultDispatcher-worker-30" daemon [_thread_blocked, id=20620, stack(0x000000708a900000,0x000000708aa00000) (1024K)]
  0x000001f337f89f30 JavaThread "DefaultDispatcher-worker-31" daemon [_thread_blocked, id=27068, stack(0x000000708aa00000,0x000000708ab00000) (1024K)]
  0x000001f337f8ac50 JavaThread "DefaultDispatcher-worker-33" daemon [_thread_blocked, id=24312, stack(0x000000708ab00000,0x000000708ac00000) (1024K)]
  0x000001f337f95060 JavaThread "TimerQueue"                 daemon [_thread_blocked, id=27456, stack(0x000000708ac00000,0x000000708ad00000) (1024K)]
  0x000001f34c5c4190 JavaThread "Jndi-Dns-address-change-listener" daemon [_thread_in_native, id=11544, stack(0x000000708ad00000,0x000000708ae00000) (1024K)]
  0x000001f34c5cdf10 JavaThread "ApplicationImpl pooled thread 3"        [_thread_blocked, id=16200, stack(0x000000708b100000,0x000000708b200000) (1024K)]
  0x000001f35359ef40 JavaThread "Keep-Alive-Timer"           daemon [_thread_blocked, id=28648, stack(0x000000708b300000,0x000000708b400000) (1024K)]
  0x000001f35aec0b10 JavaThread "JobScheduler FJ pool 0/15"  daemon [_thread_blocked, id=27956, stack(0x000000708b400000,0x000000708b500000) (1024K)]
  0x000001f35aec9b70 JavaThread "ApplicationImpl pooled thread 4"        [_thread_blocked, id=26672, stack(0x000000708b600000,0x000000708b700000) (1024K)]
  0x000001f35aecc960 JavaThread "ApplicationImpl pooled thread 5"        [_thread_blocked, id=1268, stack(0x000000708b700000,0x000000708b800000) (1024K)]
  0x000001f35aecd680 JavaThread "ApplicationImpl pooled thread 6"        [_thread_blocked, id=27516, stack(0x000000708b800000,0x000000708b900000) (1024K)]
  0x000001f35aec66f0 JavaThread "ApplicationImpl pooled thread 7"        [_thread_blocked, id=23512, stack(0x000000708b900000,0x000000708ba00000) (1024K)]
  0x000001f35aed4610 JavaThread "I/O pool 8"                        [_thread_blocked, id=9664, stack(0x000000708ba00000,0x000000708bb00000) (1024K)]
  0x000001f3650b3b40 JavaThread "rd throttler"               daemon [_thread_blocked, id=27444, stack(0x000000708bb00000,0x000000708bc00000) (1024K)]
Total: 84

Other Threads:
  0x000001f2f5244080 VMThread "VM Thread"                           [id=23492, stack(0x0000007085400000,0x0000007085500000) (1024K)]
  0x000001f2f22f5f40 WatcherThread "VM Periodic Task Thread"        [id=24208, stack(0x0000007085300000,0x0000007085400000) (1024K)]
  0x000001f2c8798d30 WorkerThread "GC Thread#0"                     [id=3496, stack(0x0000007084e00000,0x0000007084f00000) (1024K)]
  0x000001f2f5888b40 WorkerThread "GC Thread#1"                     [id=26252, stack(0x0000007085e00000,0x0000007085f00000) (1024K)]
  0x000001f2f5c09e70 WorkerThread "GC Thread#2"                     [id=9420, stack(0x0000007085f00000,0x0000007086000000) (1024K)]
  0x000001f2f5d18480 WorkerThread "GC Thread#3"                     [id=22552, stack(0x0000007086000000,0x0000007086100000) (1024K)]
  0x000001f2f5d18820 WorkerThread "GC Thread#4"                     [id=392, stack(0x0000007086100000,0x0000007086200000) (1024K)]
  0x000001f2f5d18bc0 WorkerThread "GC Thread#5"                     [id=7364, stack(0x0000007086200000,0x0000007086300000) (1024K)]
  0x000001f2a2f6dc40 WorkerThread "GC Thread#6"                     [id=26748, stack(0x0000007087600000,0x0000007087700000) (1024K)]
  0x000001f2a3db7180 WorkerThread "GC Thread#7"                     [id=27196, stack(0x0000007087700000,0x0000007087800000) (1024K)]
  0x000001f2a3db7c60 WorkerThread "GC Thread#8"                     [id=28016, stack(0x0000007087800000,0x0000007087900000) (1024K)]
  0x000001f2a3db6de0 WorkerThread "GC Thread#9"                     [id=20928, stack(0x0000007087900000,0x0000007087a00000) (1024K)]
  0x000001f2a3db4d40 WorkerThread "GC Thread#10"                    [id=27544, stack(0x0000007087a00000,0x0000007087b00000) (1024K)]
  0x000001f2a4a72180 WorkerThread "GC Thread#11"                    [id=1496, stack(0x0000007088500000,0x0000007088600000) (1024K)]
  0x000001f2a4a728c0 WorkerThread "GC Thread#12"                    [id=26176, stack(0x0000007088600000,0x0000007088700000) (1024K)]
  0x000001f2c87a9bd0 ConcurrentGCThread "G1 Main Marker"            [id=6212, stack(0x0000007084f00000,0x0000007085000000) (1024K)]
  0x000001f2c87abe80 WorkerThread "G1 Conc#0"                       [id=768, stack(0x0000007085000000,0x0000007085100000) (1024K)]
  0x000001f2a3db4600 WorkerThread "G1 Conc#1"                       [id=22196, stack(0x0000007087b00000,0x0000007087c00000) (1024K)]
  0x000001f2a3db49a0 WorkerThread "G1 Conc#2"                       [id=26612, stack(0x0000007087c00000,0x0000007087d00000) (1024K)]
  0x000001f2f21c4fb0 ConcurrentGCThread "G1 Refine#0"               [id=24132, stack(0x0000007085100000,0x0000007085200000) (1024K)]
  0x000001f2f21c7be0 ConcurrentGCThread "G1 Service"                [id=18380, stack(0x0000007085200000,0x0000007085300000) (1024K)]
Total: 21

Threads with active compile tasks:
C1 CompilerThread0     4484 12405   !   3       java.util.concurrent.ConcurrentHashMap::replaceNode (437 bytes)
Total: 1

VM state: not at safepoint (normal execution)

VM Mutex/Monitor currently owned by a thread:  ([mutex/lock_event])
[0x00007ffb969c53c8] MethodCompileQueue_lock - owner thread: 0x000001f2f5301030
[0x00007ffb969c6848] CodeCache_lock - owner thread: 0x000001f2f5301030
[0x00007ffb969c69c8] Compile_lock - owner thread: 0x000001f2f5301030

Heap address: 0x0000000701400000, size: 4076 MB, Compressed Oops mode: Zero based, Oop shift amount: 3

CDS archive(s) not mapped
Compressed class space mapped at: 0x0000000800000000-0x0000000840000000, reserved size: 1073741824
Narrow klass base: 0x0000000800000000, Narrow klass shift: 0, Narrow klass range: 0x40000000

GC Precious Log:
 CardTable entry size: 512
 Card Set container configuration: InlinePtr #cards 4 size 8 Array Of Cards #cards 16 size 48 Howl #buckets 8 coarsen threshold 3686 Howl Bitmap #cards 512 size 80 coarsen threshold 460 Card regions per heap region 1 cards per card region 4096
 CPUs: 16 total, 16 available
 Memory: 32605M
 Large Page Support: Disabled
 NUMA Support: Disabled
 Compressed Oops: Enabled (Zero based)
 Heap Region Size: 2M
 Heap Min Capacity: 128M
 Heap Initial Capacity: 128M
 Heap Max Capacity: 4076M
 Pre-touch: Disabled
 Parallel Workers: 13
 Concurrent Workers: 3
 Concurrent Refinement Workers: 13
 Periodic GC: Disabled

Heap:
 garbage-first heap   total 266240K, used 212057K [0x0000000701400000, 0x0000000800000000)
  region size 2048K, 28 young (57344K), 5 survivors (10240K)
 Metaspace       used 195001K, committed 197696K, reserved 1245184K
  class space    used 23241K, committed 24384K, reserved 1048576K

Heap Regions: E=young(eden), S=young(survivor), O=old, HS=humongous(starts), HC=humongous(continues), CS=collection set, F=free, TAMS=top-at-mark-start, PB=parsable bottom
|   0|0x0000000701400000, 0x0000000701600000, 0x0000000701600000|100%|HS|  |TAMS 0x0000000701400000| PB 0x0000000701400000| Complete 
|   1|0x0000000701600000, 0x0000000701800000, 0x0000000701800000|100%|HS|  |TAMS 0x0000000701600000| PB 0x0000000701600000| Complete 
|   2|0x0000000701800000, 0x0000000701a00000, 0x0000000701a00000|100%| O|  |TAMS 0x0000000701800000| PB 0x0000000701800000| Untracked 
|   3|0x0000000701a00000, 0x0000000701c00000, 0x0000000701c00000|100%| O|  |TAMS 0x0000000701a00000| PB 0x0000000701a00000| Untracked 
|   4|0x0000000701c00000, 0x0000000701e00000, 0x0000000701e00000|100%| O|  |TAMS 0x0000000701c00000| PB 0x0000000701c00000| Untracked 
|   5|0x0000000701e00000, 0x0000000702000000, 0x0000000702000000|100%| O|  |TAMS 0x0000000701e00000| PB 0x0000000701e00000| Untracked 
|   6|0x0000000702000000, 0x0000000702200000, 0x0000000702200000|100%| O|  |TAMS 0x0000000702000000| PB 0x0000000702000000| Untracked 
|   7|0x0000000702200000, 0x0000000702400000, 0x0000000702400000|100%| O|  |TAMS 0x0000000702200000| PB 0x0000000702200000| Untracked 
|   8|0x0000000702400000, 0x0000000702600000, 0x0000000702600000|100%| O|  |TAMS 0x0000000702400000| PB 0x0000000702400000| Untracked 
|   9|0x0000000702600000, 0x0000000702800000, 0x0000000702800000|100%| O|  |TAMS 0x0000000702600000| PB 0x0000000702600000| Untracked 
|  10|0x0000000702800000, 0x0000000702a00000, 0x0000000702a00000|100%| O|  |TAMS 0x0000000702800000| PB 0x0000000702800000| Untracked 
|  11|0x0000000702a00000, 0x0000000702c00000, 0x0000000702c00000|100%| O|  |TAMS 0x0000000702a00000| PB 0x0000000702a00000| Untracked 
|  12|0x0000000702c00000, 0x0000000702e00000, 0x0000000702e00000|100%| O|  |TAMS 0x0000000702c00000| PB 0x0000000702c00000| Untracked 
|  13|0x0000000702e00000, 0x0000000703000000, 0x0000000703000000|100%| O|  |TAMS 0x0000000702e00000| PB 0x0000000702e00000| Untracked 
|  14|0x0000000703000000, 0x0000000703200000, 0x0000000703200000|100%| O|  |TAMS 0x0000000703000000| PB 0x0000000703000000| Untracked 
|  15|0x0000000703200000, 0x0000000703400000, 0x0000000703400000|100%| O|  |TAMS 0x0000000703200000| PB 0x0000000703200000| Untracked 
|  16|0x0000000703400000, 0x0000000703600000, 0x0000000703600000|100%|HS|  |TAMS 0x0000000703400000| PB 0x0000000703400000| Complete 
|  17|0x0000000703600000, 0x0000000703800000, 0x0000000703800000|100%| O|  |TAMS 0x0000000703600000| PB 0x0000000703600000| Untracked 
|  18|0x0000000703800000, 0x0000000703a00000, 0x0000000703a00000|100%| O|  |TAMS 0x0000000703800000| PB 0x0000000703800000| Untracked 
|  19|0x0000000703a00000, 0x0000000703c00000, 0x0000000703c00000|100%| O|  |TAMS 0x0000000703a00000| PB 0x0000000703a00000| Untracked 
|  20|0x0000000703c00000, 0x0000000703e00000, 0x0000000703e00000|100%| O|  |TAMS 0x0000000703c00000| PB 0x0000000703c00000| Untracked 
|  21|0x0000000703e00000, 0x0000000704000000, 0x0000000704000000|100%| O|  |TAMS 0x0000000703e00000| PB 0x0000000703e00000| Untracked 
|  22|0x0000000704000000, 0x0000000704200000, 0x0000000704200000|100%| O|  |TAMS 0x0000000704000000| PB 0x0000000704000000| Untracked 
|  23|0x0000000704200000, 0x0000000704400000, 0x0000000704400000|100%|HS|  |TAMS 0x0000000704200000| PB 0x0000000704200000| Complete 
|  24|0x0000000704400000, 0x0000000704600000, 0x0000000704600000|100%| O|  |TAMS 0x0000000704400000| PB 0x0000000704400000| Untracked 
|  25|0x0000000704600000, 0x0000000704800000, 0x0000000704800000|100%| O|  |TAMS 0x0000000704600000| PB 0x0000000704600000| Untracked 
|  26|0x0000000704800000, 0x0000000704a00000, 0x0000000704a00000|100%| O|  |TAMS 0x0000000704800000| PB 0x0000000704800000| Untracked 
|  27|0x0000000704a00000, 0x0000000704c00000, 0x0000000704c00000|100%| O|  |TAMS 0x0000000704a00000| PB 0x0000000704a00000| Untracked 
|  28|0x0000000704c00000, 0x0000000704e00000, 0x0000000704e00000|100%| O|  |TAMS 0x0000000704c00000| PB 0x0000000704c00000| Untracked 
|  29|0x0000000704e00000, 0x0000000705000000, 0x0000000705000000|100%|HS|  |TAMS 0x0000000704e00000| PB 0x0000000704e00000| Complete 
|  30|0x0000000705000000, 0x0000000705200000, 0x0000000705200000|100%|HC|  |TAMS 0x0000000705000000| PB 0x0000000705000000| Complete 
|  31|0x0000000705200000, 0x0000000705400000, 0x0000000705400000|100%|HC|  |TAMS 0x0000000705200000| PB 0x0000000705200000| Complete 
|  32|0x0000000705400000, 0x0000000705600000, 0x0000000705600000|100%| O|  |TAMS 0x0000000705400000| PB 0x0000000705400000| Untracked 
|  33|0x0000000705600000, 0x0000000705800000, 0x0000000705800000|100%| O|  |TAMS 0x0000000705600000| PB 0x0000000705600000| Untracked 
|  34|0x0000000705800000, 0x0000000705a00000, 0x0000000705a00000|100%| O|  |TAMS 0x0000000705800000| PB 0x0000000705800000| Untracked 
|  35|0x0000000705a00000, 0x0000000705c00000, 0x0000000705c00000|100%| O|  |TAMS 0x0000000705a00000| PB 0x0000000705a00000| Untracked 
|  36|0x0000000705c00000, 0x0000000705e00000, 0x0000000705e00000|100%| O|  |TAMS 0x0000000705c00000| PB 0x0000000705c00000| Untracked 
|  37|0x0000000705e00000, 0x0000000706000000, 0x0000000706000000|100%| O|  |TAMS 0x0000000705e00000| PB 0x0000000705e00000| Untracked 
|  38|0x0000000706000000, 0x0000000706200000, 0x0000000706200000|100%| O|  |TAMS 0x0000000706000000| PB 0x0000000706000000| Untracked 
|  39|0x0000000706200000, 0x0000000706400000, 0x0000000706400000|100%| O|  |TAMS 0x0000000706200000| PB 0x0000000706200000| Untracked 
|  40|0x0000000706400000, 0x0000000706600000, 0x0000000706600000|100%| O|  |TAMS 0x0000000706400000| PB 0x0000000706400000| Untracked 
|  41|0x0000000706600000, 0x0000000706800000, 0x0000000706800000|100%| O|  |TAMS 0x0000000706600000| PB 0x0000000706600000| Untracked 
|  42|0x0000000706800000, 0x0000000706a00000, 0x0000000706a00000|100%| O|  |TAMS 0x0000000706800000| PB 0x0000000706800000| Untracked 
|  43|0x0000000706a00000, 0x0000000706c00000, 0x0000000706c00000|100%| O|  |TAMS 0x0000000706a00000| PB 0x0000000706a00000| Untracked 
|  44|0x0000000706c00000, 0x0000000706e00000, 0x0000000706e00000|100%| O|  |TAMS 0x0000000706c00000| PB 0x0000000706c00000| Untracked 
|  45|0x0000000706e00000, 0x0000000707000000, 0x0000000707000000|100%| O|  |TAMS 0x0000000706e00000| PB 0x0000000706e00000| Untracked 
|  46|0x0000000707000000, 0x0000000707200000, 0x0000000707200000|100%| O|  |TAMS 0x0000000707000000| PB 0x0000000707000000| Untracked 
|  47|0x0000000707200000, 0x0000000707400000, 0x0000000707400000|100%| O|  |TAMS 0x0000000707200000| PB 0x0000000707200000| Untracked 
|  48|0x0000000707400000, 0x0000000707600000, 0x0000000707600000|100%| O|  |TAMS 0x0000000707400000| PB 0x0000000707400000| Untracked 
|  49|0x0000000707600000, 0x0000000707800000, 0x0000000707800000|100%| O|  |TAMS 0x0000000707600000| PB 0x0000000707600000| Untracked 
|  50|0x0000000707800000, 0x0000000707a00000, 0x0000000707a00000|100%| O|  |TAMS 0x0000000707800000| PB 0x0000000707800000| Untracked 
|  51|0x0000000707a00000, 0x0000000707c00000, 0x0000000707c00000|100%| O|  |TAMS 0x0000000707a00000| PB 0x0000000707a00000| Untracked 
|  52|0x0000000707c00000, 0x0000000707e00000, 0x0000000707e00000|100%| O|  |TAMS 0x0000000707c00000| PB 0x0000000707c00000| Untracked 
|  53|0x0000000707e00000, 0x0000000708000000, 0x0000000708000000|100%| O|  |TAMS 0x0000000707e00000| PB 0x0000000707e00000| Untracked 
|  54|0x0000000708000000, 0x0000000708200000, 0x0000000708200000|100%| O|  |TAMS 0x0000000708000000| PB 0x0000000708000000| Untracked 
|  55|0x0000000708200000, 0x0000000708400000, 0x0000000708400000|100%|HS|  |TAMS 0x0000000708200000| PB 0x0000000708200000| Complete 
|  56|0x0000000708400000, 0x0000000708600000, 0x0000000708600000|100%|HC|  |TAMS 0x0000000708400000| PB 0x0000000708400000| Complete 
|  57|0x0000000708600000, 0x0000000708800000, 0x0000000708800000|100%|HC|  |TAMS 0x0000000708600000| PB 0x0000000708600000| Complete 
|  58|0x0000000708800000, 0x0000000708a00000, 0x0000000708a00000|100%|HC|  |TAMS 0x0000000708800000| PB 0x0000000708800000| Complete 
|  59|0x0000000708a00000, 0x0000000708c00000, 0x0000000708c00000|100%|HC|  |TAMS 0x0000000708a00000| PB 0x0000000708a00000| Complete 
|  60|0x0000000708c00000, 0x0000000708e00000, 0x0000000708e00000|100%| O|  |TAMS 0x0000000708c00000| PB 0x0000000708c00000| Untracked 
|  61|0x0000000708e00000, 0x0000000709000000, 0x0000000709000000|100%| O|  |TAMS 0x0000000708e00000| PB 0x0000000708e00000| Untracked 
|  62|0x0000000709000000, 0x0000000709200000, 0x0000000709200000|100%| O|  |TAMS 0x0000000709000000| PB 0x0000000709000000| Untracked 
|  63|0x0000000709200000, 0x0000000709400000, 0x0000000709400000|100%|HS|  |TAMS 0x0000000709200000| PB 0x0000000709200000| Complete 
|  64|0x0000000709400000, 0x0000000709600000, 0x0000000709600000|100%| O|  |TAMS 0x0000000709400000| PB 0x0000000709400000| Untracked 
|  65|0x0000000709600000, 0x0000000709800000, 0x0000000709800000|100%| O|  |TAMS 0x0000000709600000| PB 0x0000000709600000| Untracked 
|  66|0x0000000709800000, 0x0000000709a00000, 0x0000000709a00000|100%|HS|  |TAMS 0x0000000709800000| PB 0x0000000709800000| Complete 
|  67|0x0000000709a00000, 0x0000000709c00000, 0x0000000709c00000|100%|HC|  |TAMS 0x0000000709a00000| PB 0x0000000709a00000| Complete 
|  68|0x0000000709c00000, 0x0000000709e00000, 0x0000000709e00000|100%|HC|  |TAMS 0x0000000709c00000| PB 0x0000000709c00000| Complete 
|  69|0x0000000709e00000, 0x000000070a000000, 0x000000070a000000|100%|HC|  |TAMS 0x0000000709e00000| PB 0x0000000709e00000| Complete 
|  70|0x000000070a000000, 0x000000070a200000, 0x000000070a200000|100%| O|  |TAMS 0x000000070a000000| PB 0x000000070a000000| Untracked 
|  71|0x000000070a200000, 0x000000070a400000, 0x000000070a400000|100%| O|  |TAMS 0x000000070a200000| PB 0x000000070a200000| Untracked 
|  72|0x000000070a400000, 0x000000070a600000, 0x000000070a600000|100%| O|  |TAMS 0x000000070a400000| PB 0x000000070a400000| Untracked 
|  73|0x000000070a600000, 0x000000070a7166f0, 0x000000070a800000| 54%| O|  |TAMS 0x000000070a600000| PB 0x000000070a600000| Untracked 
|  74|0x000000070a800000, 0x000000070aa00000, 0x000000070aa00000|100%|HS|  |TAMS 0x000000070a800000| PB 0x000000070a800000| Complete 
|  75|0x000000070aa00000, 0x000000070aa00000, 0x000000070ac00000|  0%| F|  |TAMS 0x000000070aa00000| PB 0x000000070aa00000| Untracked 
|  76|0x000000070ac00000, 0x000000070ac00000, 0x000000070ae00000|  0%| F|  |TAMS 0x000000070ac00000| PB 0x000000070ac00000| Untracked 
|  77|0x000000070ae00000, 0x000000070ae00000, 0x000000070b000000|  0%| F|  |TAMS 0x000000070ae00000| PB 0x000000070ae00000| Untracked 
|  78|0x000000070b000000, 0x000000070b000000, 0x000000070b200000|  0%| F|  |TAMS 0x000000070b000000| PB 0x000000070b000000| Untracked 
|  79|0x000000070b200000, 0x000000070b200000, 0x000000070b400000|  0%| F|  |TAMS 0x000000070b200000| PB 0x000000070b200000| Untracked 
|  80|0x000000070b400000, 0x000000070b400000, 0x000000070b600000|  0%| F|  |TAMS 0x000000070b400000| PB 0x000000070b400000| Untracked 
|  81|0x000000070b600000, 0x000000070b600000, 0x000000070b800000|  0%| F|  |TAMS 0x000000070b600000| PB 0x000000070b600000| Untracked 
|  82|0x000000070b800000, 0x000000070b800000, 0x000000070ba00000|  0%| F|  |TAMS 0x000000070b800000| PB 0x000000070b800000| Untracked 
|  83|0x000000070ba00000, 0x000000070bc00000, 0x000000070bc00000|100%| S|CS|TAMS 0x000000070ba00000| PB 0x000000070ba00000| Complete 
|  84|0x000000070bc00000, 0x000000070be00000, 0x000000070be00000|100%| S|CS|TAMS 0x000000070bc00000| PB 0x000000070bc00000| Complete 
|  85|0x000000070be00000, 0x000000070c000000, 0x000000070c000000|100%| S|CS|TAMS 0x000000070be00000| PB 0x000000070be00000| Complete 
|  86|0x000000070c000000, 0x000000070c200000, 0x000000070c200000|100%| S|CS|TAMS 0x000000070c000000| PB 0x000000070c000000| Complete 
|  87|0x000000070c200000, 0x000000070c400000, 0x000000070c400000|100%| S|CS|TAMS 0x000000070c200000| PB 0x000000070c200000| Complete 
|  88|0x000000070c400000, 0x000000070c400000, 0x000000070c600000|  0%| F|  |TAMS 0x000000070c400000| PB 0x000000070c400000| Untracked 
|  89|0x000000070c600000, 0x000000070c600000, 0x000000070c800000|  0%| F|  |TAMS 0x000000070c600000| PB 0x000000070c600000| Untracked 
|  90|0x000000070c800000, 0x000000070c800000, 0x000000070ca00000|  0%| F|  |TAMS 0x000000070c800000| PB 0x000000070c800000| Untracked 
|  91|0x000000070ca00000, 0x000000070ca00000, 0x000000070cc00000|  0%| F|  |TAMS 0x000000070ca00000| PB 0x000000070ca00000| Untracked 
|  92|0x000000070cc00000, 0x000000070cc00000, 0x000000070ce00000|  0%| F|  |TAMS 0x000000070cc00000| PB 0x000000070cc00000| Untracked 
|  93|0x000000070ce00000, 0x000000070ce00000, 0x000000070d000000|  0%| F|  |TAMS 0x000000070ce00000| PB 0x000000070ce00000| Untracked 
|  94|0x000000070d000000, 0x000000070d000000, 0x000000070d200000|  0%| F|  |TAMS 0x000000070d000000| PB 0x000000070d000000| Untracked 
|  95|0x000000070d200000, 0x000000070d200000, 0x000000070d400000|  0%| F|  |TAMS 0x000000070d200000| PB 0x000000070d200000| Untracked 
|  96|0x000000070d400000, 0x000000070d400000, 0x000000070d600000|  0%| F|  |TAMS 0x000000070d400000| PB 0x000000070d400000| Untracked 
|  97|0x000000070d600000, 0x000000070d600000, 0x000000070d800000|  0%| F|  |TAMS 0x000000070d600000| PB 0x000000070d600000| Untracked 
|  98|0x000000070d800000, 0x000000070d800000, 0x000000070da00000|  0%| F|  |TAMS 0x000000070d800000| PB 0x000000070d800000| Untracked 
|  99|0x000000070da00000, 0x000000070da00000, 0x000000070dc00000|  0%| F|  |TAMS 0x000000070da00000| PB 0x000000070da00000| Untracked 
| 100|0x000000070dc00000, 0x000000070dc00000, 0x000000070de00000|  0%| F|  |TAMS 0x000000070dc00000| PB 0x000000070dc00000| Untracked 
| 101|0x000000070de00000, 0x000000070de00000, 0x000000070e000000|  0%| F|  |TAMS 0x000000070de00000| PB 0x000000070de00000| Untracked 
| 102|0x000000070e000000, 0x000000070e000000, 0x000000070e200000|  0%| F|  |TAMS 0x000000070e000000| PB 0x000000070e000000| Untracked 
| 103|0x000000070e200000, 0x000000070e200000, 0x000000070e400000|  0%| F|  |TAMS 0x000000070e200000| PB 0x000000070e200000| Untracked 
| 104|0x000000070e400000, 0x000000070e51c620, 0x000000070e600000| 55%| E|  |TAMS 0x000000070e400000| PB 0x000000070e400000| Complete 
| 105|0x000000070e600000, 0x000000070e800000, 0x000000070e800000|100%| E|CS|TAMS 0x000000070e600000| PB 0x000000070e600000| Complete 
| 106|0x000000070e800000, 0x000000070ea00000, 0x000000070ea00000|100%| E|CS|TAMS 0x000000070e800000| PB 0x000000070e800000| Complete 
| 107|0x000000070ea00000, 0x000000070ec00000, 0x000000070ec00000|100%| E|CS|TAMS 0x000000070ea00000| PB 0x000000070ea00000| Complete 
| 108|0x000000070ec00000, 0x000000070ee00000, 0x000000070ee00000|100%| E|CS|TAMS 0x000000070ec00000| PB 0x000000070ec00000| Complete 
| 109|0x000000070ee00000, 0x000000070f000000, 0x000000070f000000|100%| E|CS|TAMS 0x000000070ee00000| PB 0x000000070ee00000| Complete 
| 110|0x000000070f000000, 0x000000070f200000, 0x000000070f200000|100%| E|CS|TAMS 0x000000070f000000| PB 0x000000070f000000| Complete 
| 111|0x000000070f200000, 0x000000070f400000, 0x000000070f400000|100%| E|  |TAMS 0x000000070f200000| PB 0x000000070f200000| Complete 
| 112|0x000000070f400000, 0x000000070f600000, 0x000000070f600000|100%| E|CS|TAMS 0x000000070f400000| PB 0x000000070f400000| Complete 
| 113|0x000000070f600000, 0x000000070f800000, 0x000000070f800000|100%| E|CS|TAMS 0x000000070f600000| PB 0x000000070f600000| Complete 
| 114|0x000000070f800000, 0x000000070fa00000, 0x000000070fa00000|100%| E|CS|TAMS 0x000000070f800000| PB 0x000000070f800000| Complete 
| 115|0x000000070fa00000, 0x000000070fc00000, 0x000000070fc00000|100%| E|CS|TAMS 0x000000070fa00000| PB 0x000000070fa00000| Complete 
| 116|0x000000070fc00000, 0x000000070fe00000, 0x000000070fe00000|100%| E|CS|TAMS 0x000000070fc00000| PB 0x000000070fc00000| Complete 
| 117|0x000000070fe00000, 0x0000000710000000, 0x0000000710000000|100%| E|CS|TAMS 0x000000070fe00000| PB 0x000000070fe00000| Complete 
| 118|0x0000000710000000, 0x0000000710200000, 0x0000000710200000|100%| E|CS|TAMS 0x0000000710000000| PB 0x0000000710000000| Complete 
| 119|0x0000000710200000, 0x0000000710400000, 0x0000000710400000|100%| E|CS|TAMS 0x0000000710200000| PB 0x0000000710200000| Complete 
| 120|0x0000000710400000, 0x0000000710600000, 0x0000000710600000|100%| E|CS|TAMS 0x0000000710400000| PB 0x0000000710400000| Complete 
| 121|0x0000000710600000, 0x0000000710800000, 0x0000000710800000|100%| E|CS|TAMS 0x0000000710600000| PB 0x0000000710600000| Complete 
| 122|0x0000000710800000, 0x0000000710a00000, 0x0000000710a00000|100%| E|CS|TAMS 0x0000000710800000| PB 0x0000000710800000| Complete 
| 123|0x0000000710a00000, 0x0000000710c00000, 0x0000000710c00000|100%| E|CS|TAMS 0x0000000710a00000| PB 0x0000000710a00000| Complete 
| 124|0x0000000710c00000, 0x0000000710e00000, 0x0000000710e00000|100%| E|CS|TAMS 0x0000000710c00000| PB 0x0000000710c00000| Complete 
| 126|0x0000000711000000, 0x0000000711200000, 0x0000000711200000|100%| E|CS|TAMS 0x0000000711000000| PB 0x0000000711000000| Complete 
| 127|0x0000000711200000, 0x0000000711400000, 0x0000000711400000|100%| E|CS|TAMS 0x0000000711200000| PB 0x0000000711200000| Complete 
|2035|0x00000007ffa00000, 0x00000007ffc00000, 0x00000007ffc00000|100%| O|  |TAMS 0x00000007ffa00000| PB 0x00000007ffa00000| Untracked 
|2036|0x00000007ffc00000, 0x00000007ffe00000, 0x00000007ffe00000|100%| O|  |TAMS 0x00000007ffc00000| PB 0x00000007ffc00000| Untracked 
|2037|0x00000007ffe00000, 0x0000000800000000, 0x0000000800000000|100%| O|  |TAMS 0x00000007ffe00000| PB 0x00000007ffe00000| Untracked 

Card table byte_map: [0x000001f2ed8b0000,0x000001f2ee0b0000] _byte_map_base: 0x000001f2ea0a6000

Marking Bits: (CMBitMap*) 0x000001f2c8799430
 Bits: [0x000001f2ee0b0000, 0x000001f2f2060000)

Polling page: 0x000001f2c6340000

Metaspace:

Usage:
  Non-class:    167.73 MB used.
      Class:     22.70 MB used.
       Both:    190.43 MB used.

Virtual space:
  Non-class space:      192.00 MB reserved,     169.25 MB ( 88%) committed,  3 nodes.
      Class space:        1.00 GB reserved,      23.81 MB (  2%) committed,  1 nodes.
             Both:        1.19 GB reserved,     193.06 MB ( 16%) committed. 

Chunk freelists:
   Non-Class:  6.67 MB
       Class:  8.05 MB
        Both:  14.72 MB

MaxMetaspaceSize: unlimited
CompressedClassSpaceSize: 1.00 GB
Initial GC threshold: 21.00 MB
Current GC threshold: 201.06 MB
CDS: off
 - commit_granule_bytes: 65536.
 - commit_granule_words: 8192.
 - virtual_space_node_default_size: 8388608.
 - enlarge_chunks_in_place: 1.
 - use_allocation_guard: 0.


Internal statistics:

num_allocs_failed_limit: 39.
num_arena_births: 2818.
num_arena_deaths: 58.
num_vsnodes_births: 4.
num_vsnodes_deaths: 0.
num_space_committed: 3085.
num_space_uncommitted: 0.
num_chunks_returned_to_freelist: 122.
num_chunks_taken_from_freelist: 11480.
num_chunk_merges: 69.
num_chunk_splits: 6928.
num_chunks_enlarged: 3921.
num_inconsistent_stats: 0.

CodeHeap 'non-profiled nmethods': size=259328Kb used=3791Kb max_used=3791Kb free=255536Kb
 bounds [0x000001f2dc8c0000, 0x000001f2dcc80000, 0x000001f2ec600000]
CodeHeap 'profiled nmethods': size=259264Kb used=19856Kb max_used=19856Kb free=239407Kb
 bounds [0x000001f2cc600000, 0x000001f2cd970000, 0x000001f2dc330000]
CodeHeap 'non-nmethods': size=5696Kb used=3064Kb max_used=3101Kb free=2631Kb
 bounds [0x000001f2dc330000, 0x000001f2dc650000, 0x000001f2dc8c0000]
 total_blobs=13056 nmethods=11589 adapters=1369
 compilation: enabled
              stopped_count=0, restarted_count=0
 full_count=0

Compilation events (20 events):
Event: 4.347 Thread 0x000001f2f52dd6f0 nmethod 12386 0x000001f2dcc73110 code [0x000001f2dcc732a0, 0x000001f2dcc733d0]
Event: 4.347 Thread 0x000001f2f52dd6f0 12388       4       kotlinx.coroutines.AbstractCoroutine::afterResume (6 bytes)
Event: 4.347 Thread 0x000001f2f52dd6f0 nmethod 12388 0x000001f2dcc73590 code [0x000001f2dcc73720, 0x000001f2dcc737d0]
Event: 4.349 Thread 0x000001f2f52dd6f0 12390       4       kotlin.coroutines.CoroutineContext$plus$1::invoke (13 bytes)
Event: 4.349 Thread 0x000001f2f5301030 12391       3       com.intellij.openapi.actionSystem.impl.OpElement$Companion::next (61 bytes)
Event: 4.350 Thread 0x000001f2f5301030 nmethod 12391 0x000001f2cd95a510 code [0x000001f2cd95a7e0, 0x000001f2cd95b6b8]
Event: 4.350 Thread 0x000001f2f5301030 12394       3       io.opentelemetry.extension.kotlin.KotlinContextElement::getKey (4 bytes)
Event: 4.350 Thread 0x000001f2f5301030 nmethod 12394 0x000001f2cd95bb90 code [0x000001f2cd95bd20, 0x000001f2cd95be38]
Event: 4.350 Thread 0x000001f2f5301030 12392       3       com.intellij.openapi.actionSystem.impl.OpElement::<init> (99 bytes)
Event: 4.350 Thread 0x000001f2f52dd6f0 nmethod 12390 0x000001f2dcc73890 code [0x000001f2dcc73a20, 0x000001f2dcc73bb8]
Event: 4.351 Thread 0x000001f2f5301030 nmethod 12392 0x000001f2cd95bf10 code [0x000001f2cd95c2e0, 0x000001f2cd95dc00]
Event: 4.351 Thread 0x000001f2f5301030 12395       3       kotlinx.coroutines.JobSupport::get (6 bytes)
Event: 4.351 Thread 0x000001f2f5301030 nmethod 12395 0x000001f2cd95e510 code [0x000001f2cd95e780, 0x000001f2cd95f168]
Event: 4.351 Thread 0x000001f2f5301030 12399       3       java.util.concurrent.atomic.AtomicIntegerFieldUpdater$AtomicIntegerFieldUpdaterImpl::compareAndSet (19 bytes)
Event: 4.352 Thread 0x000001f2f5301030 nmethod 12399 0x000001f2cd95f490 code [0x000001f2cd95f640, 0x000001f2cd95f898]
Event: 4.352 Thread 0x000001f2f5301030 12400       3       sun.reflect.annotation.AnnotationInvocationHandler::invoke (182 bytes)
Event: 4.352 Thread 0x000001f2f5301030 nmethod 12400 0x000001f2cd95fa10 code [0x000001f2cd95fd40, 0x000001f2cd960ea0]
Event: 4.352 Thread 0x000001f2f5301030 12401       3       java.lang.reflect.AccessibleObject::checkAccess (40 bytes)
Event: 4.353 Thread 0x000001f2f5301030 nmethod 12401 0x000001f2cd961410 code [0x000001f2cd961600, 0x000001f2cd961a38]
Event: 4.353 Thread 0x000001f2f5301030 12405   !   3       java.util.concurrent.ConcurrentHashMap::replaceNode (437 bytes)

GC Heap History (20 events):
Event: 1.157 GC heap before
{Heap before GC invocations=11 (full 0):
 garbage-first heap   total 131072K, used 113186K [0x0000000701400000, 0x0000000800000000)
  region size 2048K, 28 young (57344K), 3 survivors (6144K)
 Metaspace       used 72673K, committed 73792K, reserved 1179648K
  class space    used 7764K, committed 8256K, reserved 1048576K
}
Event: 1.161 GC heap after
{Heap after GC invocations=12 (full 0):
 garbage-first heap   total 131072K, used 66994K [0x0000000701400000, 0x0000000800000000)
  region size 2048K, 4 young (8192K), 4 survivors (8192K)
 Metaspace       used 72673K, committed 73792K, reserved 1179648K
  class space    used 7764K, committed 8256K, reserved 1048576K
}
Event: 1.218 GC heap before
{Heap before GC invocations=12 (full 0):
 garbage-first heap   total 131072K, used 105906K [0x0000000701400000, 0x0000000800000000)
  region size 2048K, 24 young (49152K), 4 survivors (8192K)
 Metaspace       used 79492K, committed 80576K, reserved 1179648K
  class space    used 8551K, committed 8960K, reserved 1048576K
}
Event: 1.223 GC heap after
{Heap after GC invocations=13 (full 0):
 garbage-first heap   total 131072K, used 76940K [0x0000000701400000, 0x0000000800000000)
  region size 2048K, 3 young (6144K), 3 survivors (6144K)
 Metaspace       used 79492K, committed 80576K, reserved 1179648K
  class space    used 8551K, committed 8960K, reserved 1048576K
}
Event: 1.309 GC heap before
{Heap before GC invocations=13 (full 0):
 garbage-first heap   total 131072K, used 107660K [0x0000000701400000, 0x0000000800000000)
  region size 2048K, 19 young (38912K), 3 survivors (6144K)
 Metaspace       used 85012K, committed 86272K, reserved 1179648K
  class space    used 9239K, committed 9792K, reserved 1048576K
}
Event: 1.314 GC heap after
{Heap after GC invocations=14 (full 0):
 garbage-first heap   total 184320K, used 88303K [0x0000000701400000, 0x0000000800000000)
  region size 2048K, 3 young (6144K), 3 survivors (6144K)
 Metaspace       used 85012K, committed 86272K, reserved 1179648K
  class space    used 9239K, committed 9792K, reserved 1048576K
}
Event: 1.541 GC heap before
{Heap before GC invocations=15 (full 0):
 garbage-first heap   total 184320K, used 145647K [0x0000000701400000, 0x0000000800000000)
  region size 2048K, 32 young (65536K), 3 survivors (6144K)
 Metaspace       used 97973K, committed 99456K, reserved 1179648K
  class space    used 10917K, committed 11520K, reserved 1048576K
}
Event: 1.547 GC heap after
{Heap after GC invocations=16 (full 0):
 garbage-first heap   total 184320K, used 104729K [0x0000000701400000, 0x0000000800000000)
  region size 2048K, 4 young (8192K), 4 survivors (8192K)
 Metaspace       used 97973K, committed 99456K, reserved 1179648K
  class space    used 10917K, committed 11520K, reserved 1048576K
}
Event: 1.816 GC heap before
{Heap before GC invocations=16 (full 0):
 garbage-first heap   total 184320K, used 149785K [0x0000000701400000, 0x0000000800000000)
  region size 2048K, 27 young (55296K), 4 survivors (8192K)
 Metaspace       used 113454K, committed 115136K, reserved 1179648K
  class space    used 12844K, committed 13568K, reserved 1048576K
}
Event: 1.821 GC heap after
{Heap after GC invocations=17 (full 0):
 garbage-first heap   total 184320K, used 112280K [0x0000000701400000, 0x0000000800000000)
  region size 2048K, 4 young (8192K), 4 survivors (8192K)
 Metaspace       used 113454K, committed 115136K, reserved 1179648K
  class space    used 12844K, committed 13568K, reserved 1048576K
}
Event: 1.967 GC heap before
{Heap before GC invocations=17 (full 0):
 garbage-first heap   total 184320K, used 145048K [0x0000000701400000, 0x0000000800000000)
  region size 2048K, 21 young (43008K), 4 survivors (8192K)
 Metaspace       used 120140K, committed 121856K, reserved 1179648K
  class space    used 13674K, committed 14336K, reserved 1048576K
}
Event: 1.971 GC heap after
{Heap after GC invocations=18 (full 0):
 garbage-first heap   total 184320K, used 117023K [0x0000000701400000, 0x0000000800000000)
  region size 2048K, 3 young (6144K), 3 survivors (6144K)
 Metaspace       used 120140K, committed 121856K, reserved 1179648K
  class space    used 13674K, committed 14336K, reserved 1048576K
}
Event: 2.455 GC heap before
{Heap before GC invocations=19 (full 0):
 garbage-first heap   total 215040K, used 168223K [0x0000000701400000, 0x0000000800000000)
  region size 2048K, 24 young (49152K), 3 survivors (6144K)
 Metaspace       used 137707K, committed 139648K, reserved 1179648K
  class space    used 15869K, committed 16704K, reserved 1048576K
}
Event: 2.460 GC heap after
{Heap after GC invocations=20 (full 0):
 garbage-first heap   total 215040K, used 132521K [0x0000000701400000, 0x0000000800000000)
  region size 2048K, 3 young (6144K), 3 survivors (6144K)
 Metaspace       used 137707K, committed 139648K, reserved 1179648K
  class space    used 15869K, committed 16704K, reserved 1048576K
}
Event: 2.773 GC heap before
{Heap before GC invocations=20 (full 0):
 garbage-first heap   total 215040K, used 200105K [0x0000000701400000, 0x0000000800000000)
  region size 2048K, 29 young (59392K), 3 survivors (6144K)
 Metaspace       used 158389K, committed 160512K, reserved 1245184K
  class space    used 18335K, committed 19264K, reserved 1048576K
}
Event: 2.780 GC heap after
{Heap after GC invocations=21 (full 0):
 garbage-first heap   total 221184K, used 147527K [0x0000000701400000, 0x0000000800000000)
  region size 2048K, 4 young (8192K), 4 survivors (8192K)
 Metaspace       used 158389K, committed 160512K, reserved 1245184K
  class space    used 18335K, committed 19264K, reserved 1048576K
}
Event: 2.882 GC heap before
{Heap before GC invocations=21 (full 0):
 garbage-first heap   total 221184K, used 161863K [0x0000000701400000, 0x0000000800000000)
  region size 2048K, 13 young (26624K), 4 survivors (8192K)
 Metaspace       used 164134K, committed 166464K, reserved 1245184K
  class space    used 19176K, committed 20160K, reserved 1048576K
}
Event: 2.886 GC heap after
{Heap after GC invocations=22 (full 0):
 garbage-first heap   total 266240K, used 151689K [0x0000000701400000, 0x0000000800000000)
  region size 2048K, 3 young (6144K), 3 survivors (6144K)
 Metaspace       used 164134K, committed 166464K, reserved 1245184K
  class space    used 19176K, committed 20160K, reserved 1048576K
}
Event: 3.977 GC heap before
{Heap before GC invocations=22 (full 0):
 garbage-first heap   total 266240K, used 225417K [0x0000000701400000, 0x0000000800000000)
  region size 2048K, 39 young (79872K), 3 survivors (6144K)
 Metaspace       used 187801K, committed 190528K, reserved 1245184K
  class space    used 22349K, committed 23488K, reserved 1048576K
}
Event: 3.985 GC heap after
{Heap after GC invocations=23 (full 0):
 garbage-first heap   total 266240K, used 167001K [0x0000000701400000, 0x0000000800000000)
  region size 2048K, 5 young (10240K), 5 survivors (10240K)
 Metaspace       used 187801K, committed 190528K, reserved 1245184K
  class space    used 22349K, committed 23488K, reserved 1048576K
}

Dll operation events (3 events):
Event: 0.004 Loaded shared library C:\Program Files\JetBrains\JetBrains Rider 2024.2.7\jbr\bin\java.dll
Event: 0.006 Loaded shared library C:\Program Files\JetBrains\JetBrains Rider 2024.2.7\jbr\bin\zip.dll
Event: 0.314 Loaded shared library C:\Program Files\JetBrains\JetBrains Rider 2024.2.7\jbr\bin\verify.dll

Deoptimization events (20 events):
Event: 4.050 Thread 0x000001f2a2e47780 Uncommon trap: trap_request=0xffffffde fr.pc=0x000001f2dca64334 relative=0x0000000000000094
Event: 4.050 Thread 0x000001f2a2e47780 Uncommon trap: reason=class_check action=maybe_recompile pc=0x000001f2dca64334 method=java.lang.Character.toLowerCase(I)I @ 5 c2
Event: 4.050 Thread 0x000001f2a2e47780 DEOPT PACKING pc=0x000001f2dca64334 sp=0x0000007086efd7e0
Event: 4.050 Thread 0x000001f2a2e47780 DEOPT UNPACKING pc=0x000001f2dc387da2 sp=0x0000007086efd718 mode 2
Event: 4.053 Thread 0x000001f2a2e47780 DEOPT PACKING pc=0x000001f2ccbfb204 sp=0x0000007086efe630
Event: 4.053 Thread 0x000001f2a2e47780 DEOPT UNPACKING pc=0x000001f2dc3888e2 sp=0x0000007086efdaf0 mode 0
Event: 4.126 Thread 0x000001f2c872fd80 DEOPT PACKING pc=0x000001f2cd1e615e sp=0x0000007084dfbc30
Event: 4.126 Thread 0x000001f2c872fd80 DEOPT UNPACKING pc=0x000001f2dc3888e2 sp=0x0000007084dfb060 mode 0
Event: 4.190 Thread 0x000001f2bf5e7ff0 Uncommon trap: trap_request=0xffffff45 fr.pc=0x000001f2dcaf3680 relative=0x00000000000011e0
Event: 4.190 Thread 0x000001f2bf5e7ff0 Uncommon trap: reason=unstable_if action=reinterpret pc=0x000001f2dcaf3680 method=sun.nio.fs.WindowsFileAttributes.isReparsePoint(I)Z @ 5 c2
Event: 4.190 Thread 0x000001f2bf5e7ff0 DEOPT PACKING pc=0x000001f2dcaf3680 sp=0x00000070890fb210
Event: 4.190 Thread 0x000001f2bf5e7ff0 DEOPT UNPACKING pc=0x000001f2dc387da2 sp=0x00000070890fb178 mode 2
Event: 4.194 Thread 0x000001f2bf5e7ff0 DEOPT PACKING pc=0x000001f2cccd4241 sp=0x00000070890faf80
Event: 4.194 Thread 0x000001f2bf5e7ff0 DEOPT UNPACKING pc=0x000001f2dc3888e2 sp=0x00000070890fa408 mode 0
Event: 4.227 Thread 0x000001f2a3f81660 DEOPT PACKING pc=0x000001f2cd2fe673 sp=0x00000070883fa7e0
Event: 4.227 Thread 0x000001f2a3f81660 DEOPT UNPACKING pc=0x000001f2dc3888e2 sp=0x00000070883f9c90 mode 0
Event: 4.313 Thread 0x000001f2a3f81660 Uncommon trap: trap_request=0xffffff45 fr.pc=0x000001f2dcc0a594 relative=0x00000000000004d4
Event: 4.313 Thread 0x000001f2a3f81660 Uncommon trap: reason=unstable_if action=reinterpret pc=0x000001f2dcc0a594 method=java.lang.StackStreamFactory.isReflectionFrame(Ljava/lang/Class;)Z @ 18 c2
Event: 4.313 Thread 0x000001f2a3f81660 DEOPT PACKING pc=0x000001f2dcc0a594 sp=0x00000070883f58f0
Event: 4.313 Thread 0x000001f2a3f81660 DEOPT UNPACKING pc=0x000001f2dc387da2 sp=0x00000070883f5830 mode 2

Classes loaded (20 events):
Event: 4.346 Loading class com/intellij/openapi/wm/ex/AbstractDelegatingToRootTraversalPolicy
Event: 4.346 Loading class com/intellij/openapi/wm/ex/AbstractDelegatingToRootTraversalPolicy done
Event: 4.346 Loading class com/intellij/ui/EditorTextField$2
Event: 4.346 Loading class com/intellij/ui/EditorTextField$2 done
Event: 4.347 Loading class com/intellij/openapi/fileEditor/impl/text/TextEditorPsiDataProvider
Event: 4.347 Loading class com/intellij/openapi/fileEditor/impl/text/TextEditorPsiDataProvider done
Event: 4.348 Loading class com/intellij/openapi/fileEditor/EditorDataProvider
Event: 4.348 Loading class com/intellij/openapi/fileEditor/EditorDataProvider done
Event: 4.348 Loading class com/intellij/openapi/fileEditor/impl/text/TextEditorPsiDataProvider$1
Event: 4.348 Loading class com/intellij/openapi/fileEditor/impl/text/TextEditorPsiDataProvider$1 done
Event: 4.348 Loading class com/intellij/openapi/editor/Editor
Event: 4.348 Loading class com/intellij/openapi/editor/Editor done
Event: 4.348 Loading class com/intellij/openapi/editor/Editor
Event: 4.348 Loading class com/intellij/openapi/editor/Editor done
Event: 4.350 Loading class com/intellij/openapi/editor/markup/StatusItem
Event: 4.350 Loading class com/intellij/openapi/editor/markup/StatusItem done
Event: 4.352 Loading class com/intellij/ide/SelectInManager
Event: 4.352 Loading class com/intellij/ide/SelectInManager done
Event: 4.353 Loading class com/intellij/ide/browsers/actions/SelectInDefaultBrowserTarget
Event: 4.353 Loading class com/intellij/ide/browsers/actions/SelectInDefaultBrowserTarget done

Classes unloaded (20 events):
Event: 1.058 Thread 0x000001f2f5244080 Unloading class 0x000000080049a800 'java/lang/invoke/LambdaForm$MH+0x000000080049a800'
Event: 1.058 Thread 0x000001f2f5244080 Unloading class 0x0000000800499800 'java/lang/invoke/LambdaForm$MH+0x0000000800499800'
Event: 1.058 Thread 0x000001f2f5244080 Unloading class 0x0000000800499400 'java/lang/invoke/LambdaForm$MH+0x0000000800499400'
Event: 1.058 Thread 0x000001f2f5244080 Unloading class 0x0000000800499c00 'java/lang/invoke/LambdaForm$MH+0x0000000800499c00'
Event: 1.058 Thread 0x000001f2f5244080 Unloading class 0x0000000800499000 'java/lang/invoke/LambdaForm$MH+0x0000000800499000'
Event: 1.058 Thread 0x000001f2f5244080 Unloading class 0x0000000800498c00 'java/lang/invoke/LambdaForm$MH+0x0000000800498c00'
Event: 1.058 Thread 0x000001f2f5244080 Unloading class 0x0000000800498800 'java/lang/invoke/LambdaForm$MH+0x0000000800498800'
Event: 1.058 Thread 0x000001f2f5244080 Unloading class 0x0000000800498000 'java/lang/invoke/LambdaForm$MH+0x0000000800498000'
Event: 1.058 Thread 0x000001f2f5244080 Unloading class 0x0000000800497c00 'java/lang/invoke/LambdaForm$MH+0x0000000800497c00'
Event: 1.058 Thread 0x000001f2f5244080 Unloading class 0x0000000800497800 'java/lang/invoke/LambdaForm$MH+0x0000000800497800'
Event: 1.058 Thread 0x000001f2f5244080 Unloading class 0x0000000800497000 'java/lang/invoke/LambdaForm$MH+0x0000000800497000'
Event: 1.058 Thread 0x000001f2f5244080 Unloading class 0x0000000800496800 'java/lang/invoke/LambdaForm$MH+0x0000000800496800'
Event: 1.058 Thread 0x000001f2f5244080 Unloading class 0x0000000800496c00 'java/lang/invoke/LambdaForm$MH+0x0000000800496c00'
Event: 1.058 Thread 0x000001f2f5244080 Unloading class 0x0000000800496000 'java/lang/invoke/LambdaForm$MH+0x0000000800496000'
Event: 1.058 Thread 0x000001f2f5244080 Unloading class 0x0000000800495800 'java/lang/invoke/LambdaForm$MH+0x0000000800495800'
Event: 1.058 Thread 0x000001f2f5244080 Unloading class 0x0000000800495c00 'java/lang/invoke/LambdaForm$MH+0x0000000800495c00'
Event: 1.058 Thread 0x000001f2f5244080 Unloading class 0x0000000800495000 'java/lang/invoke/LambdaForm$MH+0x0000000800495000'
Event: 1.058 Thread 0x000001f2f5244080 Unloading class 0x0000000800495400 'java/lang/invoke/LambdaForm$MH+0x0000000800495400'
Event: 1.058 Thread 0x000001f2f5244080 Unloading class 0x0000000800494400 'java/lang/invoke/LambdaForm$MH+0x0000000800494400'
Event: 1.058 Thread 0x000001f2f5244080 Unloading class 0x0000000800414800 'java/lang/invoke/LambdaForm$DMH+0x0000000800414800'

Classes redefined (4 events):
Event: 0.239 Thread 0x000001f2f5244080 redefined class name=java.math.BigInteger, count=1
Event: 0.245 Thread 0x000001f2f5244080 redefined class name=java.net.InetAddress, count=1
Event: 0.249 Thread 0x000001f2f5244080 redefined class name=sun.management.VMManagementImpl, count=1
Event: 0.263 Thread 0x000001f2f5244080 redefined class name=java.lang.Class, count=1

Internal exceptions (20 events):
Event: 4.241 Thread 0x000001f2a3f81660 Exception <a 'java/lang/NoSuchMethodError'{0x000000070e869018}: com.intellij.ui.IconCalculatingService: method 'void <init>()' not found> (0x000000070e869018) 
thrown [s\src\hotspot\share\interpreter\linkResolver.cpp, line 1174]
Event: 4.245 Thread 0x000001f2a2e46a60 Exception <a 'sun/nio/fs/WindowsException'{0x000000070e8c6058}> (0x000000070e8c6058) 
thrown [s\src\hotspot\share\prims\jni.cpp, line 535]
Event: 4.245 Thread 0x000001f2a2e46a60 Exception <a 'sun/nio/fs/WindowsException'{0x000000070e8c6fc0}> (0x000000070e8c6fc0) 
thrown [s\src\hotspot\share\prims\jni.cpp, line 535]
Event: 4.249 Thread 0x000001f2a3f81660 Exception <a 'java/lang/NoSuchMethodError'{0x000000070e8eef70}: 'void com.jetbrains.rider.runtime.RiderDotNetActiveRuntimeHost.<init>(com.intellij.openapi.project.Project)'> (0x000000070e8eef70) 
thrown [s\src\hotspot\share\interpreter\linkResolver.cpp, line 784]
Event: 4.249 Thread 0x000001f2a3f81660 Exception <a 'java/lang/NoSuchMethodError'{0x000000070e8f0d40}: 'void com.jetbrains.rider.runtime.RiderDotNetActiveRuntimeHost.<init>(com.intellij.openapi.project.Project, kotlinx.coroutines.CoroutineScope)'> (0x000000070e8f0d40) 
thrown [s\src\hotspot\share\interpreter\linkResolver.cpp, line 784]
Event: 4.249 Thread 0x000001f2a3f81660 Exception <a 'java/lang/NoSuchMethodError'{0x000000070e8f2b30}: 'void com.jetbrains.rider.runtime.RiderDotNetActiveRuntimeHost.<init>(kotlinx.coroutines.CoroutineScope)'> (0x000000070e8f2b30) 
thrown [s\src\hotspot\share\interpreter\linkResolver.cpp, line 784]
Event: 4.270 Thread 0x000001f2a3f81660 Exception <a 'java/lang/NoSuchMethodError'{0x000000070e9a2988}: 'void com.jetbrains.rider.settings.RiderCustomCodeStyleSettingsSynchronizer.<init>(com.intellij.openapi.project.Project)'> (0x000000070e9a2988) 
thrown [s\src\hotspot\share\interpreter\linkResolver.cpp, line 784]
Event: 4.271 Thread 0x000001f2a3f81660 Exception <a 'java/lang/NoSuchMethodError'{0x000000070e9a44e8}: 'void com.jetbrains.rider.settings.RiderCustomCodeStyleSettingsSynchronizer.<init>(com.intellij.openapi.project.Project, kotlinx.coroutines.CoroutineScope)'> (0x000000070e9a44e8) 
thrown [s\src\hotspot\share\interpreter\linkResolver.cpp, line 784]
Event: 4.271 Thread 0x000001f2a3f81660 Exception <a 'java/lang/NoSuchMethodError'{0x000000070e9a6060}: 'void com.jetbrains.rider.settings.RiderCustomCodeStyleSettingsSynchronizer.<init>(kotlinx.coroutines.CoroutineScope)'> (0x000000070e9a6060) 
thrown [s\src\hotspot\share\interpreter\linkResolver.cpp, line 784]
Event: 4.276 Thread 0x000001f2a3f81660 Exception <a 'java/lang/NoSuchMethodError'{0x000000070e615008}: 'java.lang.Object java.lang.invoke.Invokers$Holder.linkToTargetMethod(java.lang.Object, java.lang.Object, int, int, int, java.lang.Object)'> (0x000000070e615008) 
thrown [s\src\hotspot\share\interpreter\linkResolver.cpp, line 784]
Event: 4.290 Thread 0x000001f2a3f81660 Exception <a 'java/lang/IncompatibleClassChangeError'{0x000000070e662f20}: Found class java.lang.Object, but interface was expected> (0x000000070e662f20) 
thrown [s\src\hotspot\share\interpreter\linkResolver.cpp, line 851]
Event: 4.301 Thread 0x000001f2a3f81660 Exception <a 'java/lang/IncompatibleClassChangeError'{0x000000070e6a3d78}: Found class java.lang.Object, but interface was expected> (0x000000070e6a3d78) 
thrown [s\src\hotspot\share\interpreter\linkResolver.cpp, line 851]
Event: 4.303 Thread 0x000001f2a3f81660 Exception <a 'java/lang/NoSuchMethodError'{0x000000070e6bbce8}: 'void com.intellij.completion.ml.ngram.NGramModelRunnerManager.<init>(com.intellij.openapi.project.Project)'> (0x000000070e6bbce8) 
thrown [s\src\hotspot\share\interpreter\linkResolver.cpp, line 784]
Event: 4.306 Thread 0x000001f2a2e46a60 Exception <a 'java/lang/NoSuchMethodError'{0x000000070e6edf28}: 'void com.intellij.openapi.project.SmartModeScheduler.<init>(com.intellij.openapi.project.Project)'> (0x000000070e6edf28) 
thrown [s\src\hotspot\share\interpreter\linkResolver.cpp, line 784]
Event: 4.306 Thread 0x000001f2a3f81660 Exception <a 'java/lang/IncompatibleClassChangeError'{0x000000070e6ca1e0}: Found class java.lang.Object, but interface was expected> (0x000000070e6ca1e0) 
thrown [s\src\hotspot\share\interpreter\linkResolver.cpp, line 851]
Event: 4.308 Thread 0x000001f2a2e46a60 Exception <a 'java/lang/NoSuchMethodError'{0x000000070e6f7230}: 'void com.intellij.util.indexing.UnindexedFilesScannerExecutorImpl.<init>(com.intellij.openapi.project.Project)'> (0x000000070e6f7230) 
thrown [s\src\hotspot\share\interpreter\linkResolver.cpp, line 784]
Event: 4.324 Thread 0x000001f2a3f81660 Exception <a 'java/lang/NoSuchMethodError'{0x000000070e7cef58}: 'void com.intellij.codeInsight.CodeInsightSettings.<init>(com.intellij.openapi.client.ClientAppSession)'> (0x000000070e7cef58) 
thrown [s\src\hotspot\share\interpreter\linkResolver.cpp, line 784]
Event: 4.324 Thread 0x000001f2a3f81660 Exception <a 'java/lang/NoSuchMethodError'{0x000000070e7d1498}: method resolution failed> (0x000000070e7d1498) 
thrown [s\src\hotspot\share\prims\methodHandles.cpp, line 1144]
Event: 4.324 Thread 0x000001f2a3f81660 Exception <a 'java/lang/NoSuchMethodError'{0x000000070e7d3b30}: 'void com.intellij.codeInsight.CodeInsightSettings.<init>(com.intellij.openapi.client.ClientAppSession)'> (0x000000070e7d3b30) 
thrown [s\src\hotspot\share\interpreter\linkResolver.cpp, line 784]
Event: 4.332 Thread 0x000001f2a3f81660 Exception <a 'java/lang/IncompatibleClassChangeError'{0x000000070e41f088}: Found class java.lang.Object, but interface was expected> (0x000000070e41f088) 
thrown [s\src\hotspot\share\interpreter\linkResolver.cpp, line 851]

ZGC Phase Switch (0 events):
No events

VM Operations (20 events):
Event: 2.992 Executing VM operation: HandshakeAllThreads (Deoptimize)
Event: 2.992 Executing VM operation: HandshakeAllThreads (Deoptimize) done
Event: 3.062 Executing VM operation: HandshakeAllThreads (Deoptimize)
Event: 3.063 Executing VM operation: HandshakeAllThreads (Deoptimize) done
Event: 3.114 Executing VM operation: ICBufferFull
Event: 3.114 Executing VM operation: ICBufferFull done
Event: 3.223 Executing VM operation: HandshakeAllThreads (Deoptimize)
Event: 3.223 Executing VM operation: HandshakeAllThreads (Deoptimize) done
Event: 3.375 Executing VM operation: ICBufferFull
Event: 3.375 Executing VM operation: ICBufferFull done
Event: 3.632 Executing VM operation: ICBufferFull
Event: 3.632 Executing VM operation: ICBufferFull done
Event: 3.977 Executing VM operation: G1CollectForAllocation (G1 Evacuation Pause)
Event: 3.985 Executing VM operation: G1CollectForAllocation (G1 Evacuation Pause) done
Event: 3.997 Executing VM operation: HandshakeAllThreads (Deoptimize)
Event: 3.998 Executing VM operation: HandshakeAllThreads (Deoptimize) done
Event: 4.226 Executing VM operation: ICBufferFull
Event: 4.226 Executing VM operation: ICBufferFull done
Event: 4.349 Executing VM operation: ICBufferFull
Event: 4.349 Executing VM operation: ICBufferFull done

Memory protections (0 events):
No events

Nmethod flushes (20 events):
Event: 2.017 Thread 0x000001f2f5244080 flushing osr nmethod 0x000001f2ccc50490
Event: 2.017 Thread 0x000001f2f5244080 flushing  nmethod 0x000001f2cccbe390
Event: 2.017 Thread 0x000001f2f5244080 flushing  nmethod 0x000001f2dc9add10
Event: 2.017 Thread 0x000001f2f5244080 flushing  nmethod 0x000001f2dc9aeb90
Event: 2.017 Thread 0x000001f2f5244080 flushing  nmethod 0x000001f2cc64c290
Event: 2.017 Thread 0x000001f2f5244080 flushing  nmethod 0x000001f2cc9c4710
Event: 2.017 Thread 0x000001f2f5244080 flushing  nmethod 0x000001f2cc9c7810
Event: 2.017 Thread 0x000001f2f5244080 flushing  nmethod 0x000001f2ccb2c490
Event: 2.017 Thread 0x000001f2f5244080 flushing  nmethod 0x000001f2ccb31290
Event: 2.017 Thread 0x000001f2f5244080 flushing  nmethod 0x000001f2ccbfad10
Event: 2.017 Thread 0x000001f2f5244080 flushing  nmethod 0x000001f2ccca4010
Event: 2.017 Thread 0x000001f2f5244080 flushing  nmethod 0x000001f2ccca4d90
Event: 2.017 Thread 0x000001f2f5244080 flushing  nmethod 0x000001f2dc9b6810
Event: 2.017 Thread 0x000001f2f5244080 flushing  nmethod 0x000001f2dc9b7190
Event: 2.017 Thread 0x000001f2f5244080 flushing  nmethod 0x000001f2cc6f5810
Event: 2.017 Thread 0x000001f2f5244080 flushing  nmethod 0x000001f2cc9a0410
Event: 2.017 Thread 0x000001f2f5244080 flushing osr nmethod 0x000001f2cca48590
Event: 2.017 Thread 0x000001f2f5244080 flushing  nmethod 0x000001f2cccd1d90
Event: 2.017 Thread 0x000001f2f5244080 flushing  nmethod 0x000001f2cccd2310
Event: 2.017 Thread 0x000001f2f5244080 flushing  nmethod 0x000001f2cccd2d10

Events (20 events):
Event: 1.457 Thread 0x000001f2a2e484a0 Thread added: 0x000001f337f8ac50
Event: 1.591 Thread 0x000001f2a3f81660 Thread added: 0x000001f337f95060
Event: 1.728 Thread 0x000001f2c872fd80 Thread added: 0x000001f34c5c4190
Event: 1.831 Thread 0x000001f305e77220 Thread added: 0x000001f34c5cdf10
Event: 2.143 Thread 0x000001f2c872fd80 Thread added: 0x000001f35359ef40
Event: 2.143 Thread 0x000001f35359ef40 Thread exited: 0x000001f35359ef40
Event: 2.173 Thread 0x000001f2c872fd80 Thread added: 0x000001f35359ef40
Event: 2.178 Thread 0x000001f2c872fd80 Thread added: 0x000001f35aec0b10
Event: 2.255 Thread 0x000001f2c872fd80 Thread added: 0x000001f35aebf0d0
Event: 2.255 Thread 0x000001f35aebf0d0 Thread exited: 0x000001f35aebf0d0
Event: 2.476 Thread 0x000001f305e77220 Thread added: 0x000001f35aec9b70
Event: 2.476 Thread 0x000001f305e77220 Thread added: 0x000001f35aecc960
Event: 2.476 Thread 0x000001f305e77220 Thread added: 0x000001f35aecd680
Event: 2.476 Thread 0x000001f305e77220 Thread added: 0x000001f35aec66f0
Event: 2.705 Thread 0x000001f337f8e0d0 Thread added: 0x000001f35aed4610
Event: 3.279 Thread 0x000001f2c872fd80 Thread added: 0x000001f36376ef90
Event: 3.279 Thread 0x000001f36376ef90 Thread exited: 0x000001f36376ef90
Event: 3.809 Thread 0x000001f2a3f81660 Thread added: 0x000001f3650b3b40
Event: 4.126 Thread 0x000001f2c872fd80 Thread added: 0x000001f3650c2e10
Event: 4.126 Thread 0x000001f3650c2e10 Thread exited: 0x000001f3650c2e10


Dynamic libraries:
0x00007ff7a3d00000 - 0x00007ff7a3e6f000 	C:\Program Files\JetBrains\JetBrains Rider 2024.2.7\bin\rider64.exe
0x00007ffc5b3f0000 - 0x00007ffc5b607000 	C:\WINDOWS\SYSTEM32\ntdll.dll
0x00007ffc59b00000 - 0x00007ffc59bc4000 	C:\WINDOWS\System32\KERNEL32.DLL
0x00007ffc58ce0000 - 0x00007ffc5908d000 	C:\WINDOWS\System32\KERNELBASE.dll
0x00007ffc5a650000 - 0x00007ffc5a702000 	C:\WINDOWS\System32\ADVAPI32.dll
0x00007ffc59df0000 - 0x00007ffc59e97000 	C:\WINDOWS\System32\msvcrt.dll
0x00007ffc59ea0000 - 0x00007ffc59f49000 	C:\WINDOWS\System32\sechost.dll
0x00007ffc58980000 - 0x00007ffc589a8000 	C:\WINDOWS\System32\bcrypt.dll
0x00007ffc5ad70000 - 0x00007ffc5ae84000 	C:\WINDOWS\System32\RPCRT4.dll
0x00007ffc5ab90000 - 0x00007ffc5ac67000 	C:\WINDOWS\System32\OLEAUT32.dll
0x00007ffc59090000 - 0x00007ffc5912a000 	C:\WINDOWS\System32\msvcp_win.dll
0x00007ffc58b50000 - 0x00007ffc58c61000 	C:\WINDOWS\System32\ucrtbase.dll
0x00007ffc5af10000 - 0x00007ffc5b298000 	C:\WINDOWS\System32\combase.dll
0x00007ffc4d330000 - 0x00007ffc4d562000 	C:\WINDOWS\SYSTEM32\dbghelp.dll
0x00007ffc59130000 - 0x00007ffc5998f000 	C:\WINDOWS\System32\SHELL32.dll
0x00007ffc5a9e0000 - 0x00007ffc5ab8e000 	C:\WINDOWS\System32\USER32.dll
0x00007ffc58b20000 - 0x00007ffc58b46000 	C:\WINDOWS\System32\win32u.dll
0x00007ffc59a50000 - 0x00007ffc59a79000 	C:\WINDOWS\System32\GDI32.dll
0x00007ffc58860000 - 0x00007ffc58979000 	C:\WINDOWS\System32\gdi32full.dll
0x00007ffc4ddf0000 - 0x00007ffc4de24000 	C:\WINDOWS\SYSTEM32\WINMM.dll
0x00007ffc57db0000 - 0x00007ffc57dd8000 	C:\WINDOWS\SYSTEM32\USERENV.dll
0x00007ffc57f10000 - 0x00007ffc57f1c000 	C:\WINDOWS\SYSTEM32\CRYPTBASE.DLL
0x00007ffc599f0000 - 0x00007ffc59a21000 	C:\WINDOWS\System32\IMM32.DLL
0x00007ffc56680000 - 0x00007ffc56f7c000 	C:\WINDOWS\SYSTEM32\windows.storage.dll
0x00007ffc56540000 - 0x00007ffc5667f000 	C:\WINDOWS\SYSTEM32\wintypes.dll
0x00007ffc5ac70000 - 0x00007ffc5ad64000 	C:\WINDOWS\System32\SHCORE.dll
0x00007ffc59d90000 - 0x00007ffc59dee000 	C:\WINDOWS\System32\shlwapi.dll
0x00007ffc58650000 - 0x00007ffc58671000 	C:\WINDOWS\SYSTEM32\profapi.dll
0x00007ffc57860000 - 0x00007ffc57894000 	C:\WINDOWS\SYSTEM32\ntmarta.dll
0x00007ffb95d00000 - 0x00007ffb96ab7000 	C:\Program Files\JetBrains\JetBrains Rider 2024.2.7\jbr\bin\server\jvm.dll
0x00007ffc59a80000 - 0x00007ffc59af1000 	C:\WINDOWS\System32\WS2_32.dll
0x00007ffc575b0000 - 0x00007ffc575fd000 	C:\WINDOWS\SYSTEM32\POWRPROF.dll
0x00007ffc53130000 - 0x00007ffc5313a000 	C:\WINDOWS\SYSTEM32\VERSION.dll
0x00007ffc54e10000 - 0x00007ffc54e1c000 	C:\Program Files\JetBrains\JetBrains Rider 2024.2.7\jbr\bin\VCRUNTIME140_1.dll
0x00007ffc54ed0000 - 0x00007ffc54eeb000 	C:\Program Files\JetBrains\JetBrains Rider 2024.2.7\jbr\bin\VCRUNTIME140.dll
0x00007ffc57590000 - 0x00007ffc575a3000 	C:\WINDOWS\SYSTEM32\UMPDC.dll
0x00007ffc54de0000 - 0x00007ffc54dea000 	C:\Program Files\JetBrains\JetBrains Rider 2024.2.7\jbr\bin\jimage.dll
0x00007ffc2e540000 - 0x00007ffc2e572000 	C:\WINDOWS\SYSTEM32\dbgcore.DLL
0x00007ffc587e0000 - 0x00007ffc5885b000 	C:\WINDOWS\System32\bcryptPrimitives.dll
0x00007ffc42b70000 - 0x00007ffc42b7e000 	C:\Program Files\JetBrains\JetBrains Rider 2024.2.7\jbr\bin\instrument.dll
0x00007ffc42a10000 - 0x00007ffc42a2f000 	C:\Program Files\JetBrains\JetBrains Rider 2024.2.7\jbr\bin\java.dll
0x00007ffc429f0000 - 0x00007ffc42a08000 	C:\Program Files\JetBrains\JetBrains Rider 2024.2.7\jbr\bin\jli.dll
0x00007ffc427a0000 - 0x00007ffc42853000 	C:\WINDOWS\WinSxS\amd64_microsoft.windows.common-controls_6595b64144ccf1df_5.82.22621.3527_none_b43b7f4b638cc64f\COMCTL32.dll
0x00007ffc57840000 - 0x00007ffc57858000 	C:\WINDOWS\SYSTEM32\kernel.appcore.dll
0x00007ffc429d0000 - 0x00007ffc429e8000 	C:\Program Files\JetBrains\JetBrains Rider 2024.2.7\jbr\bin\zip.dll
0x00007ffc42a90000 - 0x00007ffc42aa0000 	C:\Program Files\JetBrains\JetBrains Rider 2024.2.7\jbr\bin\net.dll
0x00007ffc55450000 - 0x00007ffc55586000 	C:\WINDOWS\SYSTEM32\WINHTTP.dll
0x00007ffc57cb0000 - 0x00007ffc57d19000 	C:\WINDOWS\system32\mswsock.dll
0x00007ffc429b0000 - 0x00007ffc429c6000 	C:\Program Files\JetBrains\JetBrains Rider 2024.2.7\jbr\bin\nio.dll
0x00007ffc429a0000 - 0x00007ffc429a9000 	C:\Program Files\JetBrains\JetBrains Rider 2024.2.7\jbr\bin\management.dll
0x00007ffc42990000 - 0x00007ffc4299b000 	C:\Program Files\JetBrains\JetBrains Rider 2024.2.7\jbr\bin\management_ext.dll
0x00007ffc5a910000 - 0x00007ffc5a918000 	C:\WINDOWS\System32\PSAPI.DLL
0x00007ffc51a00000 - 0x00007ffc51a17000 	C:\WINDOWS\system32\napinsp.dll
0x00007ffc3ea90000 - 0x00007ffc3eaab000 	C:\WINDOWS\system32\pnrpnsp.dll
0x00007ffc572c0000 - 0x00007ffc573b8000 	C:\WINDOWS\SYSTEM32\DNSAPI.dll
0x00007ffc57290000 - 0x00007ffc572bd000 	C:\WINDOWS\SYSTEM32\IPHLPAPI.DLL
0x00007ffc5a920000 - 0x00007ffc5a929000 	C:\WINDOWS\System32\NSI.dll
0x00007ffc3e650000 - 0x00007ffc3e661000 	C:\WINDOWS\System32\winrnr.dll
0x00007ffc3e5e0000 - 0x00007ffc3e607000 	C:\WINDOWS\system32\nlansp_c.dll
0x00007ffc399d0000 - 0x00007ffc399e5000 	C:\WINDOWS\system32\wshbth.dll
0x00007ffc47de0000 - 0x00007ffc47dea000 	C:\Windows\System32\rasadhlp.dll
0x00007ffc54d40000 - 0x00007ffc54dc3000 	C:\WINDOWS\System32\fwpuclnt.dll
0x00007ffc42980000 - 0x00007ffc42990000 	C:\Program Files\JetBrains\JetBrains Rider 2024.2.7\jbr\bin\verify.dll
0x00007ffbc5640000 - 0x00007ffbc57d8000 	C:\Program Files\JetBrains\JetBrains Rider 2024.2.7\jbr\bin\awt.dll
0x00007ffc42930000 - 0x00007ffc42974000 	C:\Program Files\JetBrains\JetBrains Rider 2024.2.7\jbr\bin\nvdaControllerClient64.dll
0x00007ffc55e30000 - 0x00007ffc55e5b000 	C:\WINDOWS\SYSTEM32\dwmapi.dll
0x00007ffc40a40000 - 0x00007ffc40acd000 	C:\Program Files\JetBrains\JetBrains Rider 2024.2.7\bin\MSVCP140.dll
0x00007ffc550b0000 - 0x00007ffc55147000 	C:\WINDOWS\SYSTEM32\apphelp.dll
0x00007ffc42920000 - 0x00007ffc42929000 	C:\Program Files\JetBrains\JetBrains Rider 2024.2.7\jbr\bin\prefs.dll
0x00007ffc42910000 - 0x00007ffc4291e000 	C:\Program Files\JetBrains\JetBrains Rider 2024.2.7\jbr\bin\sunmscapi.dll
0x00007ffc589b0000 - 0x00007ffc58b17000 	C:\WINDOWS\System32\CRYPT32.dll
0x00007ffc580b0000 - 0x00007ffc580de000 	C:\WINDOWS\SYSTEM32\ncrypt.dll
0x00007ffc58070000 - 0x00007ffc580a7000 	C:\WINDOWS\SYSTEM32\NTASN1.dll
0x00007ffc55bb0000 - 0x00007ffc55c5f000 	C:\WINDOWS\system32\uxtheme.dll
0x00007ffc59f60000 - 0x00007ffc5a0b3000 	C:\WINDOWS\System32\MSCTF.dll
0x00007ffc5a760000 - 0x00007ffc5a905000 	C:\WINDOWS\System32\ole32.dll
0x00007ffc428c0000 - 0x00007ffc42909000 	C:\Program Files\JetBrains\JetBrains Rider 2024.2.7\jbr\bin\javaaccessbridge.dll
0x00007ffc40a30000 - 0x00007ffc40a37000 	C:\Program Files\JetBrains\JetBrains Rider 2024.2.7\jbr\bin\jawt.dll
0x00007ffc0b9a0000 - 0x00007ffc0b9a8000 	C:\WINDOWS\system32\wshunix.dll
0x00007ffc40a20000 - 0x00007ffc40a29000 	C:\Program Files\JetBrains\JetBrains Rider 2024.2.7\jbr\bin\extnet.dll
0x00007ffc43060000 - 0x00007ffc432f3000 	C:\WINDOWS\WinSxS\amd64_microsoft.windows.common-controls_6595b64144ccf1df_6.0.22621.3672_none_2713b9d173822955\comctl32.DLL
0x00007ffc40700000 - 0x00007ffc40787000 	C:\Program Files\JetBrains\JetBrains Rider 2024.2.7\jbr\bin\freetype.dll
0x00007ffc18de0000 - 0x00007ffc18ec5000 	C:\Program Files\JetBrains\JetBrains Rider 2024.2.7\jbr\bin\fontmanager.dll
0x00007ffc31590000 - 0x00007ffc315d5000 	C:\Program Files\JetBrains\JetBrains Rider 2024.2.7\lib\jna\amd64\jnidispatch.dll
0x00007ffbe99e0000 - 0x00007ffbe9ae0000 	C:\WINDOWS\system32\opengl32.dll
0x00007ffbe99b0000 - 0x00007ffbe99dd000 	C:\WINDOWS\SYSTEM32\GLU32.dll
0x00007ffc55ea0000 - 0x00007ffc55ed9000 	C:\WINDOWS\SYSTEM32\dxcore.dll
0x00007ffc57f20000 - 0x00007ffc57f3b000 	C:\WINDOWS\SYSTEM32\CRYPTSP.dll
0x00007ffc577a0000 - 0x00007ffc577d5000 	C:\WINDOWS\system32\rsaenh.dll
0x00007ffc583b0000 - 0x00007ffc583c2000 	C:\WINDOWS\SYSTEM32\MSASN1.dll
0x00007ffc553d0000 - 0x00007ffc553e9000 	C:\WINDOWS\SYSTEM32\dhcpcsvc6.DLL
0x00007ffc55310000 - 0x00007ffc5532f000 	C:\WINDOWS\SYSTEM32\dhcpcsvc.DLL
0x00007ffc43300000 - 0x00007ffc434b9000 	C:\WINDOWS\WinSxS\amd64_microsoft.windows.gdiplus_6595b64144ccf1df_1.1.22621.3810_none_57f8d842ce19d879\gdiplus.dll
0x00007ffc417a0000 - 0x00007ffc418ee000 	C:\WINDOWS\SYSTEM32\textinputframework.dll
0x00007ffc54a50000 - 0x00007ffc54b83000 	C:\WINDOWS\SYSTEM32\CoreMessaging.dll
0x00007ffc50f20000 - 0x00007ffc5128d000 	C:\WINDOWS\SYSTEM32\CoreUIComponents.dll
0x00007ffc5a930000 - 0x00007ffc5a9e0000 	C:\WINDOWS\System32\clbcatq.dll
0x00007ffc559c0000 - 0x00007ffc55b70000 	C:\WINDOWS\SYSTEM32\WindowsCodecs.dll
0x00007ffc37e00000 - 0x00007ffc37e5e000 	C:\WINDOWS\system32\dataexchange.dll
0x00007ffc4cdb0000 - 0x00007ffc4d03a000 	C:\WINDOWS\system32\twinapi.appcore.dll

dbghelp: loaded successfully - version: 4.0.5 - missing functions: none
symbol engine: initialized successfully - sym options: 0x614 - pdb path: .;C:\Program Files\JetBrains\JetBrains Rider 2024.2.7\bin;C:\WINDOWS\SYSTEM32;C:\Program Files\JetBrains\JetBrains Rider 2024.2.7\jbr\bin\server;C:\Program Files\JetBrains\JetBrains Rider 2024.2.7\jbr\bin;C:\WINDOWS\WinSxS\amd64_microsoft.windows.common-controls_6595b64144ccf1df_5.82.22621.3527_none_b43b7f4b638cc64f;C:\WINDOWS\WinSxS\amd64_microsoft.windows.common-controls_6595b64144ccf1df_6.0.22621.3672_none_2713b9d173822955;C:\Program Files\JetBrains\JetBrains Rider 2024.2.7\lib\jna\amd64;C:\WINDOWS\WinSxS\amd64_microsoft.windows.gdiplus_6595b64144ccf1df_1.1.22621.3810_none_57f8d842ce19d879

VM Arguments:
jvm_args: abort vfprintf -XX:ErrorFile=C:\Users\HLC_2021\java_error_in_rider_%p.log -XX:HeapDumpPath=C:\Users\HLC_2021\java_error_in_rider.hprof -Xms128m -Xmx2048m -XX:+HeapDumpOnOutOfMemoryError -XX:-OmitStackTraceInFastThrow -XX:+IgnoreUnrecognizedVMOptions -ea -Dsun.io.useCanonCaches=false -Dsun.java2d.metal=true -Djbr.catch.SIGABRT=true -Djdk.http.auth.tunneling.disabledSchemes="" -Djdk.attach.allowAttachSelf=true -Djdk.module.illegalAccess.silent=true -Dkotlinx.coroutines.debug=off -XX:CICompilerCount=2 -XX:ReservedCodeCacheSize=512m -XX:+UnlockDiagnosticVMOptions -XX:TieredOldPercentage=100000 -Xms128m -Xmx4075m -XX:ReservedCodeCacheSize=512m -XX:+IgnoreUnrecognizedVMOptions -XX:+UseG1GC -XX:SoftRefLRUPolicyMSPerMB=50 -XX:CICompilerCount=2 -XX:+HeapDumpOnOutOfMemoryError -XX:-OmitStackTraceInFastThrow -ea -Dsun.io.useCanonCaches=false -Djdk.http.auth.tunneling.disabledSchemes="" -Djdk.attach.allowAttachSelf=true -Djdk.module.illegalAccess.silent=true -Dkotlinx.coroutines.debug=off -XX:ErrorFile=$USER_HOME/java_error_in_idea_%p.log -XX:HeapDumpPath=$USER_HOME/java_error_in_idea.hprof --add-opens=java.base/jdk.internal.org.objectweb.asm=ALL-UNNAMED --add-opens=java.base/jdk.internal.org.objectweb.asm.tree=ALL-UNNAMED -javaagent:C:\Users\HLC_2021\Downloads\jetbra-ded4f9dc4fcb60294b21669dafa90330f2713ce4 (1)\jetbra\ja-netfilter.jar=jetbrains -Djb.vmOptionsFile=C:\Users\HLC_2021\Downloads\jetbra-ded4f9dc4fcb60294b21669dafa90330f2713ce4 (1)\jetbra\vmoptions\rider.vmoptions -Djava.system.class.loader=com.intellij.util.lang.PathClassLoader -Didea.vendor.name=JetBrains -Didea.paths.selector=Rider2024.2 -Djna.boot.library.path=C:\Program Files\JetBrains\JetBrains Rider 2024.2.7/lib/jna/amd64 -Dpty4j.preferred.native.folder=C:\Program Files\JetBrains\JetBrains Rider 2024.2.7/lib/pty4j -Djna.nosys=true -Djna.noclasspath=true -Dintellij.platform.runtime.repository.path=C:\Program Files\JetBrains\JetBrains Rider 2024.2.7/modules/module-descriptors.jar -Didea.platform.prefix=Rider -Dide.native.launcher=true -Didea.class.before.app=com.jetbrains.rider.protocol.EarlyBackendStarter -Didea.show.customize.ide.wizard=true -DFilePageCache.THROW_ERROR_ON_DUPLICATE_STORAGE_REGISTRATION=false -Dsplash=true -Daether.connector.resumeDownloads=false --add-opens=java.base/java.io=ALL-UNNAMED --add-opens=java.base/java.lang=ALL-UNNAMED --add-opens=java.base/java.lang.ref=ALL-UNNAMED --add-opens=java.base/java.lang.reflect=ALL-UNNAMED --add-opens=java.base/java.net=ALL-UNNAMED --add-opens=java.base/java.nio=ALL-UNNAMED --add-opens=java.base/java.nio.charset=ALL-UNNAMED --add-opens=java.base/java.text=ALL-UNNAMED --add-opens=java.base/java.time=ALL-UNNAMED --add-opens=java.base/java.util=ALL-UNNAMED --add-opens=java.base/java.util.concurrent=ALL-UNNAMED --add-opens=java.base/java.util.concurrent.atomic=ALL-UNNAMED --add-opens=java.base/java.util.concurrent.locks=ALL-UNNAMED --add-opens=java.base/jdk.internal.vm=ALL-UNNAMED --add-opens=java.base/sun.net.dns=ALL-UNNAMED --add-opens=java.base/sun.nio.ch=ALL-UNNAMED --add-opens=java.base/sun.nio.fs=ALL-UNNAMED --add-opens=java.base/sun.security.ssl=ALL-UNNAMED --add-opens=java.base/sun.security.util=ALL-UNNAMED --add-opens=java.desktop/com.sun.java.swing=ALL-UNNAMED --add-opens=java.desktop/java.awt=ALL-UNNAMED --add-opens=java.desktop/java.awt.dnd.peer=ALL-UNNAMED --add-opens=java.desktop/java.awt.event=ALL-UNNAMED --add-opens=java.desktop/java.awt.font=ALL-UNNAMED --add-opens=java.desktop/java.awt.image=ALL-UNNAMED --add-opens=java.desktop/java.awt.peer=ALL-UNNAMED --add-opens=java.desktop/javax.swing=ALL-UNNAMED --add-opens=java.desktop/javax.swing.plaf.basic=ALL-UNNAMED --add-opens=java.desktop/javax.swing.text=ALL-UNNAMED --add-opens=java.desktop/javax.swing.text.html=ALL-UNNAMED --add-opens=java.desktop/sun.awt=ALL-UNNAMED --add-opens=java.desktop/sun.awt.datatransfer=ALL-UNNAMED --add-opens=java.desktop/sun.awt.image=ALL-UNNAMED --add-opens=java.desktop/sun.awt.windows=ALL-UNNAMED --add-opens=java.desktop/sun.font=ALL-UNNAMED --add-opens=java.desktop/sun.java2d=ALL-UNNAMED --add-opens=java.desktop/sun.swing=ALL-UNNAMED --add-opens=java.management/sun.management=ALL-UNNAMED --add-opens=jdk.attach/sun.tools.attach=ALL-UNNAMED --add-opens=jdk.compiler/com.sun.tools.javac.api=ALL-UNNAMED --add-opens=jdk.internal.jvmstat/sun.jvmstat.monitor=ALL-UNNAMED --add-opens=jdk.jdi/com.sun.tools.jdi=ALL-UNNAMED -Dide.native.launcher=true -Djcef.sandbox.ptr=000001F2C60E0B40 -Djcef.sandbox.cefVersion=122.1.9+gd14e051+chromium-122.0.6261.94 
java_command: com.intellij.idea.Main E:\Project\SD Playable Ads\SD Playable Ads.sln --line -1 --column -1 E:\Project\SD Playable Ads\Assets\Script\Spawn\HouseManager.cs
java_class_path (initial): C:\Program Files\JetBrains\JetBrains Rider 2024.2.7\lib\platform-loader.jar;C:\Program Files\JetBrains\JetBrains Rider 2024.2.7\lib\util-8.jar;C:\Program Files\JetBrains\JetBrains Rider 2024.2.7\lib\util.jar;C:\Program Files\JetBrains\JetBrains Rider 2024.2.7\lib\app-client.jar;C:\Program Files\JetBrains\JetBrains Rider 2024.2.7\lib\util_rt.jar;C:\Program Files\JetBrains\JetBrains Rider 2024.2.7\lib\product.jar;C:\Program Files\JetBrains\JetBrains Rider 2024.2.7\lib\opentelemetry.jar;C:\Program Files\JetBrains\JetBrains Rider 2024.2.7\lib\app.jar;C:\Program Files\JetBrains\JetBrains Rider 2024.2.7\lib\product-client.jar;C:\Program Files\JetBrains\JetBrains Rider 2024.2.7\lib\lib-client.jar;C:\Program Files\JetBrains\JetBrains Rider 2024.2.7\lib\stats.jar;C:\Program Files\JetBrains\JetBrains Rider 2024.2.7\lib\jps-model.jar;C:\Program Files\JetBrains\JetBrains Rider 2024.2.7\lib\external-system-rt.jar;C:\Program Files\JetBrains\JetBrains Rider 2024.2.7\lib\rd.jar;C:\Program Files\JetBrains\JetBrains Rider 2024.2.7\lib\bouncy-castle.jar;C:\Program Files\JetBrains\JetBrains Rider 2024.2.7\lib\protobuf.jar;C:\Program Files\JetBrains\JetBrains Rider 2024.2.7\lib\forms_rt.jar;C:\Program Files\JetBrains\JetBrains Rider 2024.2.7\lib\lib.jar;C:\Program Files\JetBrains\JetBrains Rider 2024.2.7\lib\externalProcess-rt.jar;C:\Program Files\JetBrains\JetBrains Rider 2024.2.7\lib\groovy.jar;C:\Program Files\JetBrains\JetBrains Rider 2024.2.7\lib\annotations.jar;C:\Program Files\JetBrains\JetBrains Rider 2024.2.7\lib\jsch-agent.jar;C:\Program Files\JetBrains\JetBrains Rider 2024.2.7\lib\nio-fs.jar;C:\Program Files\JetBrains\JetBrains Rider 2024.2.7\lib\trove.jar
Launcher Type: generic

[Global flags]
     intx CICompilerCount                          = 2                                         {product} {command line}
     uint ConcGCThreads                            = 3                                         {product} {ergonomic}
    ccstr ErrorFile                                = $USER_HOME/java_error_in_idea_%p.log            {product} {command line}
     uint G1ConcRefinementThreads                  = 13                                        {product} {ergonomic}
   size_t G1HeapRegionSize                         = 2097152                                   {product} {ergonomic}
    uintx GCDrainStackTargetSize                   = 64                                        {product} {ergonomic}
     bool HeapDumpOnOutOfMemoryError               = true                                   {manageable} {command line}
    ccstr HeapDumpPath                             = $USER_HOME/java_error_in_idea.hprof         {manageable} {command line}
     bool IgnoreUnrecognizedVMOptions              = true                                      {product} {command line}
   size_t InitialHeapSize                          = 134217728                                 {product} {command line}
   size_t MarkStackSize                            = 4194304                                   {product} {ergonomic}
   size_t MaxHeapSize                              = 4273995776                                {product} {command line, ergonomic}
   size_t MaxNewSize                               = 2562719744                                {product} {ergonomic}
   size_t MinHeapDeltaBytes                        = 2097152                                   {product} {ergonomic}
   size_t MinHeapSize                              = 134217728                                 {product} {command line}
    uintx NonNMethodCodeHeapSize                   = 5826188                                {pd product} {ergonomic}
    uintx NonProfiledCodeHeapSize                  = 265522362                              {pd product} {ergonomic}
     bool OmitStackTraceInFastThrow                = false                                     {product} {command line}
    uintx ProfiledCodeHeapSize                     = 265522362                              {pd product} {ergonomic}
    uintx ReservedCodeCacheSize                    = 536870912                              {pd product} {command line}
     bool SegmentedCodeCache                       = true                                      {product} {ergonomic}
   size_t SoftMaxHeapSize                          = 4273995776                             {manageable} {ergonomic}
     intx SoftRefLRUPolicyMSPerMB                  = 50                                        {product} {command line}
     intx TieredOldPercentage                      = 100000                                 {diagnostic} {command line}
     bool UnlockDiagnosticVMOptions                = true                                   {diagnostic} {command line}
     bool UseCompressedOops                        = true                           {product lp64_product} {ergonomic}
     bool UseG1GC                                  = true                                      {product} {command line}
     bool UseLargePagesIndividualAllocation        = false                                  {pd product} {ergonomic}

Logging:
Log output configuration:
 #0: stdout all=warning uptime,level,tags foldmultilines=false
 #1: stderr all=off uptime,level,tags foldmultilines=false

Environment Variables:
JAVA_HOME=C:\Program Files\Unity\Hub\Editor\2021.3.33f1\Editor\Data\PlaybackEngines\AndroidPlayer\OpenJDK
PATH=C:\WINDOWS\system32;C:\WINDOWS;C:\WINDOWS\System32\Wbem;C:\WINDOWS\System32\WindowsPowerShell\v1.0\;C:\WINDOWS\System32\OpenSSH\;C:\Program Files\Git\cmd;C:\Program Files\Microsoft SQL Server\150\Tools\Binn\;C:\Program Files\Microsoft SQL Server\Client SDK\ODBC\170\Tools\Binn\;C:\Program Files\dotnet\;C:\Program Files (x86)\NVIDIA Corporation\PhysX\Common;C:\Program Files\NVIDIA Corporation\NVIDIA NvDLISR;C:\Program Files\Calibre2\;C:\Program Files\GameBench\GameBench\lib;C:\Users\HLC_2021\AppData\Local\Microsoft\WindowsApps;C:\Users\HLC_2021\AppData\Local\GitHubDesktop\bin;C:\Program Files\JetBrains\JetBrains Rider 2024.1.3\bin;;C:\Users\HLC_2021\.dotnet\tools
USERNAME=Namhp
OS=Windows_NT
PROCESSOR_IDENTIFIER=Intel64 Family 6 Model 167 Stepping 1, GenuineIntel
TMP=C:\Users\HLC_2021\AppData\Local\Temp
TEMP=C:\Users\HLC_2021\AppData\Local\Temp




Periodic native trim disabled

JNI global refs:
JNI global refs: 117, weak refs: 125

JNI global refs memory usage: 1467, weak refs: 2097

Process memory usage:
Resident Set Size: 1175464K (3% of 33387840K total physical memory with 18398948K free physical memory)

OOME stack traces (most recent first):
Classloader memory used:
Loader com.intellij.util.lang.PathClassLoader                                          : 123M
Loader bootstrap                                                                       : 42768K
Loader com.intellij.ide.plugins.cl.PluginClassLoader                                   : 24703K
Loader jdk.internal.loader.ClassLoaders$PlatformClassLoader                            : 775K
Loader jdk.internal.loader.ClassLoaders$AppClassLoader                                 : 405K
Loader jdk.internal.reflect.DelegatingClassLoader                                      : 150K
Loader sun.reflect.misc.MethodUtil                                                     : 3048B

Classes loaded by more than one classloader:
Class com.intellij.ultimate.PluginVerifier                                            : loaded 2 times (x 67B)
Class kotlin.UninitializedPropertyAccessException                                     : loaded 2 times (x 78B)
Class com.jetbrains.rd.rdtext.intrinsics.RdTextChange                                 : loaded 2 times (x 71B)
Class kotlin.jvm.internal.Intrinsics                                                  : loaded 2 times (x 67B)
Class kotlin.KotlinNullPointerException                                               : loaded 2 times (x 79B)
Class com.jetbrains.rd.rdtext.intrinsics.RdTextChange$Companion                       : loaded 2 times (x 67B)

---------------  S Y S T E M  ---------------

OS:
 Windows 11 , 64 bit Build 22621 (10.0.22621.3672)
OS uptime: 0 days 1:09 hours

CPU: total 16 (initial active 16) (8 cores per cpu, 2 threads per core) family 6 model 167 stepping 1 microcode 0x40, cx8, cmov, fxsr, ht, mmx, 3dnowpref, sse, sse2, sse3, ssse3, sse4.1, sse4.2, popcnt, lzcnt, tsc, tscinvbit, avx, avx2, aes, erms, clmul, bmi1, bmi2, adx, avx512f, avx512dq, avx512cd, avx512bw, avx512vl, sha, fma, vzeroupper, avx512_vpopcntdq, avx512_vpclmulqdq, avx512_vaes, avx512_vnni, clflush, clflushopt, avx512_vbmi2, avx512_vbmi, rdtscp, rdpid, fsrm, gfni, avx512_bitalg, f16c, pku, avx512_ifma
Processor Information for all 16 processors :
  Max Mhz: 2496, Current Mhz: 2496, Mhz Limit: 2496

Memory: 4k page, system-wide physical 32605M (17954M free)
TotalPageFile size 58205M (AvailPageFile size 38719M)
current process WorkingSet (physical memory assigned to process): 1147M, peak: 1147M
current process commit charge ("private bytes"): 1023M, peak: 1023M

vm_info: OpenJDK 64-Bit Server VM (21.0.4+13-b509.26) for windows-amd64 JRE (21.0.4+13-b509.26), built on 2024-09-27 by "builduser" with MS VC++ 16.10 / 16.11 (VS2019)

END.
