#
# A fatal error has been detected by the Java Runtime Environment:
#
#  Internal Error (relocInfo_x86.cpp:106), pid=29548, tid=23684
#  Error: ShouldNotReachHere()
#
# JRE version: OpenJDK Runtime Environment JBR-21.0.4+13-509.26-jcef (21.0.4+13) (build 21.0.4+13-b509.26)
# Java VM: OpenJDK 64-Bit Server VM JBR-21.0.4+13-509.26-jcef (21.0.4+13-b509.26, mixed mode, tiered, compressed oops, compressed class ptrs, g1 gc, windows-amd64)
# No core dump will be written. Minidumps are not enabled by default on client versions of Windows
#
# If you would like to submit a bug report, please visit:
#   https://youtrack.jetbrains.com/issues/JBR
#

---------------  S U M M A R Y ------------

Command Line: -Djava.io.tmpdir=C:\Users\HLC_2021\AppData\Local\JetBrains\Rider2024.2\tmp\statistics-uploader com.intellij.internal.statistic.uploader.EventLogUploader --ide-token C:\Users\HLC_2021\AppData\Local\JetBrains\Rider2024.2\token --recorders FUS;MP --device-fus 081123145822c65-9719-4e6b-922f-48a9ef557b05 --bucket-fus 246 --machine-fus 75b70236d75f4bbc28268497d1918645a0ac4e85f77023aa748fb38380314431 --id-revision-fus 0 --files-fus C:\Users\HLC_2021\AppData\Local\JetBrains\Rider2024.2\event-log-data\logs\FUS\b05e-4595-addf-71b8ee6b3862-242.23726.100-release.log;C:\Users\HLC_2021\AppData\Local\JetBrains\Rider2024.2\event-log-data\logs\FUS\be27-4cea-a132-f9ca052f067e-242.23726.100-release.log;C:\Users\HLC_2021\AppData\Local\JetBrains\Rider2024.2\event-log-data\logs\FUS\e47a-4c22-8bcf-73974b062f71-242.23726.100-release.log --escape-fus true --device-mp 25102416d7d401a-8b26-4771-be78-bc636a546fa9 --bucket-mp 143 --machine-mp e277801d17a483bd07cdbe3dabd52b781688f1fc31f79695bb640ace08346986 --id-revision-mp 0 --files-mp C:\Users\HLC_2021\AppData\Local\JetBrains\Rider2024.2\event-log-data\logs\MP\1c9d-4674-a423-40c3bcbb7f64-242.23726.100-release.log --escape-mp true --url https://resources.jetbrains.com/storage/fus/config/v4/%s/%s.json --product RD --product-version 2024.2.7 --baseline-version 242 --user-agent JetBrains Rider/242.23726.100 --extra-headers 

Host: 11th Gen Intel(R) Core(TM) i7-11700 @ 2.50GHz, 16 cores, 31G,  Windows 11 , 64 bit Build 22621 (10.0.22621.3672)
Time: Tue Nov  5 17:05:20 2024 SE Asia Standard Time elapsed time: 0.180755 seconds (0d 0h 0m 0s)

---------------  T H R E A D  ---------------

Current thread (0x000001677402d440):  JavaThread "C1 CompilerThread2" daemon [_thread_in_vm, id=23684, stack(0x000000662b100000,0x000000662b200000) (1024K)]


Current CompileTask:
C1:    180  477       3       java.lang.ref.SoftReference::get (29 bytes)

Stack: [0x000000662b100000,0x000000662b200000]
Native frames: (J=compiled Java code, j=interpreted, Vv=VM code, C=native code)
V  [jvm.dll+0x6e3739]
V  [jvm.dll+0x8c0c33]
V  [jvm.dll+0x8c318e]
V  [jvm.dll+0x8c3827]
V  [jvm.dll+0x2881d7]
V  [jvm.dll+0x2881fc]
V  [jvm.dll+0x288150]
V  [jvm.dll+0x734195]
V  [jvm.dll+0x732030]
V  [jvm.dll+0x236d73]
V  [jvm.dll+0x234d17]
V  [jvm.dll+0x6b51f3]
V  [jvm.dll+0x6b85c1]
V  [jvm.dll+0x1f0940]
V  [jvm.dll+0x156da2]
V  [jvm.dll+0x15603f]
V  [jvm.dll+0x157e61]
V  [jvm.dll+0x25e88c]
V  [jvm.dll+0x25cdd6]
V  [jvm.dll+0x3fe076]
V  [jvm.dll+0x8688c8]
V  [jvm.dll+0x6e1f3d]
C  [ucrtbase.dll+0x29333]
C  [KERNEL32.DLL+0x1257d]
C  [ntdll.dll+0x5af28]


---------------  P R O C E S S  ---------------

Threads class SMR info:
_java_thread_list=0x000001676fe5de50, length=15, elements={
0x000001674d046760, 0x000001676fb758c0, 0x000001676fb76520, 0x000001676fb77f00,
0x000001676fb95140, 0x000001676fb957b0, 0x000001676fb97620, 0x000001676fb9c620,
0x000001676fb9d1f0, 0x000001676fc6b1b0, 0x000001676fdd4ef0, 0x000001676fdd5720,
0x000001676fe01b00, 0x000001677402d440, 0x000001677402daf0
}

Java Threads: ( => current thread )
  0x000001674d046760 JavaThread "main"                              [_thread_blocked, id=4404, stack(0x0000006629d00000,0x0000006629e00000) (1024K)]
  0x000001676fb758c0 JavaThread "Reference Handler"          daemon [_thread_blocked, id=14536, stack(0x000000662a500000,0x000000662a600000) (1024K)]
  0x000001676fb76520 JavaThread "Finalizer"                  daemon [_thread_blocked, id=30024, stack(0x000000662a600000,0x000000662a700000) (1024K)]
  0x000001676fb77f00 JavaThread "Signal Dispatcher"          daemon [_thread_blocked, id=22156, stack(0x000000662a700000,0x000000662a800000) (1024K)]
  0x000001676fb95140 JavaThread "Attach Listener"            daemon [_thread_blocked, id=11040, stack(0x000000662a800000,0x000000662a900000) (1024K)]
  0x000001676fb957b0 JavaThread "Service Thread"             daemon [_thread_blocked, id=16800, stack(0x000000662a900000,0x000000662aa00000) (1024K)]
  0x000001676fb97620 JavaThread "Monitor Deflation Thread"   daemon [_thread_blocked, id=28552, stack(0x000000662aa00000,0x000000662ab00000) (1024K)]
  0x000001676fb9c620 JavaThread "C2 CompilerThread0"         daemon [_thread_blocked, id=26920, stack(0x000000662ab00000,0x000000662ac00000) (1024K)]
  0x000001676fb9d1f0 JavaThread "C1 CompilerThread0"         daemon [_thread_blocked, id=22776, stack(0x000000662ac00000,0x000000662ad00000) (1024K)]
  0x000001676fc6b1b0 JavaThread "C1 CompilerThread1"         daemon [_thread_blocked, id=32092, stack(0x000000662ad00000,0x000000662ae00000) (1024K)]
  0x000001676fdd4ef0 JavaThread "Notification Thread"        daemon [_thread_blocked, id=34244, stack(0x000000662ae00000,0x000000662af00000) (1024K)]
  0x000001676fdd5720 JavaThread "Common-Cleaner"             daemon [_thread_blocked, id=17444, stack(0x000000662af00000,0x000000662b000000) (1024K)]
  0x000001676fe01b00 JavaThread "C2 CompilerThread1"         daemon [_thread_in_vm, id=28920, stack(0x000000662b000000,0x000000662b100000) (1024K)]
=>0x000001677402d440 JavaThread "C1 CompilerThread2"         daemon [_thread_in_vm, id=23684, stack(0x000000662b100000,0x000000662b200000) (1024K)]
  0x000001677402daf0 JavaThread "C1 CompilerThread3"         daemon [_thread_blocked, id=34200, stack(0x000000662b200000,0x000000662b300000) (1024K)]
Total: 15

Other Threads:
  0x000001676fb39520 VMThread "VM Thread"                           [id=32976, stack(0x000000662a400000,0x000000662a500000) (1024K)]
  0x000001676eba0220 WatcherThread "VM Periodic Task Thread"        [id=33336, stack(0x000000662a300000,0x000000662a400000) (1024K)]
  0x000001674f36a820 WorkerThread "GC Thread#0"                     [id=35640, stack(0x0000006629e00000,0x0000006629f00000) (1024K)]
  0x000001674f37c230 ConcurrentGCThread "G1 Main Marker"            [id=35644, stack(0x0000006629f00000,0x000000662a000000) (1024K)]
  0x000001674f37dbe0 WorkerThread "G1 Conc#0"                       [id=22388, stack(0x000000662a000000,0x000000662a100000) (1024K)]
  0x000001676ea62000 ConcurrentGCThread "G1 Refine#0"               [id=26448, stack(0x000000662a100000,0x000000662a200000) (1024K)]
  0x000001676ea62920 ConcurrentGCThread "G1 Service"                [id=32228, stack(0x000000662a200000,0x000000662a300000) (1024K)]
Total: 7

Threads with active compile tasks:
C2 CompilerThread1      193  475       4       java.lang.String::hashCode (60 bytes)
C1 CompilerThread2      193  477       3       java.lang.ref.SoftReference::get (29 bytes)
Total: 2

VM state: not at safepoint (normal execution)

VM Mutex/Monitor currently owned by a thread:  ([mutex/lock_event])
[0x00007ffb205353c8] MethodCompileQueue_lock - owner thread: 0x000001677402d440
[0x00007ffb20536848] CodeCache_lock - owner thread: 0x000001677402d440
[0x00007ffb205369c8] Compile_lock - owner thread: 0x000001677402d440

Heap address: 0x0000000602800000, size: 8152 MB, Compressed Oops mode: Zero based, Oop shift amount: 3

CDS archive(s) not mapped
Compressed class space mapped at: 0x0000000800000000-0x0000000840000000, reserved size: 1073741824
Narrow klass base: 0x0000000800000000, Narrow klass shift: 0, Narrow klass range: 0x40000000

GC Precious Log:
 CardTable entry size: 512
 Card Set container configuration: InlinePtr #cards 4 size 8 Array Of Cards #cards 32 size 80 Howl #buckets 8 coarsen threshold 7372 Howl Bitmap #cards 1024 size 144 coarsen threshold 921 Card regions per heap region 1 cards per card region 8192
 CPUs: 16 total, 16 available
 Memory: 32605M
 Large Page Support: Disabled
 NUMA Support: Disabled
 Compressed Oops: Enabled (Zero based)
 Heap Region Size: 4M
 Heap Min Capacity: 8M
 Heap Initial Capacity: 512M
 Heap Max Capacity: 8152M
 Pre-touch: Disabled
 Parallel Workers: 13
 Concurrent Workers: 3
 Concurrent Refinement Workers: 13
 Periodic GC: Disabled

Heap:
 garbage-first heap   total 524288K, used 4096K [0x0000000602800000, 0x0000000800000000)
  region size 4096K, 2 young (8192K), 0 survivors (0K)
 Metaspace       used 9609K, committed 9792K, reserved 1114112K
  class space    used 806K, committed 896K, reserved 1048576K

Heap Regions: E=young(eden), S=young(survivor), O=old, HS=humongous(starts), HC=humongous(continues), CS=collection set, F=free, TAMS=top-at-mark-start, PB=parsable bottom
|   0|0x0000000602800000, 0x0000000602c00000, 0x0000000602c00000|100%|HS|  |TAMS 0x0000000602800000| PB 0x0000000602800000| Complete 
|   1|0x0000000602c00000, 0x0000000602c00000, 0x0000000603000000|  0%| F|  |TAMS 0x0000000602c00000| PB 0x0000000602c00000| Untracked 
|   2|0x0000000603000000, 0x0000000603000000, 0x0000000603400000|  0%| F|  |TAMS 0x0000000603000000| PB 0x0000000603000000| Untracked 
|   3|0x0000000603400000, 0x0000000603400000, 0x0000000603800000|  0%| F|  |TAMS 0x0000000603400000| PB 0x0000000603400000| Untracked 
|   4|0x0000000603800000, 0x0000000603800000, 0x0000000603c00000|  0%| F|  |TAMS 0x0000000603800000| PB 0x0000000603800000| Untracked 
|   5|0x0000000603c00000, 0x0000000603c00000, 0x0000000604000000|  0%| F|  |TAMS 0x0000000603c00000| PB 0x0000000603c00000| Untracked 
|   6|0x0000000604000000, 0x0000000604000000, 0x0000000604400000|  0%| F|  |TAMS 0x0000000604000000| PB 0x0000000604000000| Untracked 
|   7|0x0000000604400000, 0x0000000604400000, 0x0000000604800000|  0%| F|  |TAMS 0x0000000604400000| PB 0x0000000604400000| Untracked 
|   8|0x0000000604800000, 0x0000000604800000, 0x0000000604c00000|  0%| F|  |TAMS 0x0000000604800000| PB 0x0000000604800000| Untracked 
|   9|0x0000000604c00000, 0x0000000604c00000, 0x0000000605000000|  0%| F|  |TAMS 0x0000000604c00000| PB 0x0000000604c00000| Untracked 
|  10|0x0000000605000000, 0x0000000605000000, 0x0000000605400000|  0%| F|  |TAMS 0x0000000605000000| PB 0x0000000605000000| Untracked 
|  11|0x0000000605400000, 0x0000000605400000, 0x0000000605800000|  0%| F|  |TAMS 0x0000000605400000| PB 0x0000000605400000| Untracked 
|  12|0x0000000605800000, 0x0000000605800000, 0x0000000605c00000|  0%| F|  |TAMS 0x0000000605800000| PB 0x0000000605800000| Untracked 
|  13|0x0000000605c00000, 0x0000000605c00000, 0x0000000606000000|  0%| F|  |TAMS 0x0000000605c00000| PB 0x0000000605c00000| Untracked 
|  14|0x0000000606000000, 0x0000000606000000, 0x0000000606400000|  0%| F|  |TAMS 0x0000000606000000| PB 0x0000000606000000| Untracked 
|  15|0x0000000606400000, 0x0000000606400000, 0x0000000606800000|  0%| F|  |TAMS 0x0000000606400000| PB 0x0000000606400000| Untracked 
|  16|0x0000000606800000, 0x0000000606800000, 0x0000000606c00000|  0%| F|  |TAMS 0x0000000606800000| PB 0x0000000606800000| Untracked 
|  17|0x0000000606c00000, 0x0000000606c00000, 0x0000000607000000|  0%| F|  |TAMS 0x0000000606c00000| PB 0x0000000606c00000| Untracked 
|  18|0x0000000607000000, 0x0000000607000000, 0x0000000607400000|  0%| F|  |TAMS 0x0000000607000000| PB 0x0000000607000000| Untracked 
|  19|0x0000000607400000, 0x0000000607400000, 0x0000000607800000|  0%| F|  |TAMS 0x0000000607400000| PB 0x0000000607400000| Untracked 
|  20|0x0000000607800000, 0x0000000607800000, 0x0000000607c00000|  0%| F|  |TAMS 0x0000000607800000| PB 0x0000000607800000| Untracked 
|  21|0x0000000607c00000, 0x0000000607c00000, 0x0000000608000000|  0%| F|  |TAMS 0x0000000607c00000| PB 0x0000000607c00000| Untracked 
|  22|0x0000000608000000, 0x0000000608000000, 0x0000000608400000|  0%| F|  |TAMS 0x0000000608000000| PB 0x0000000608000000| Untracked 
|  23|0x0000000608400000, 0x0000000608400000, 0x0000000608800000|  0%| F|  |TAMS 0x0000000608400000| PB 0x0000000608400000| Untracked 
|  24|0x0000000608800000, 0x0000000608800000, 0x0000000608c00000|  0%| F|  |TAMS 0x0000000608800000| PB 0x0000000608800000| Untracked 
|  25|0x0000000608c00000, 0x0000000608c00000, 0x0000000609000000|  0%| F|  |TAMS 0x0000000608c00000| PB 0x0000000608c00000| Untracked 
|  26|0x0000000609000000, 0x0000000609000000, 0x0000000609400000|  0%| F|  |TAMS 0x0000000609000000| PB 0x0000000609000000| Untracked 
|  27|0x0000000609400000, 0x0000000609400000, 0x0000000609800000|  0%| F|  |TAMS 0x0000000609400000| PB 0x0000000609400000| Untracked 
|  28|0x0000000609800000, 0x0000000609800000, 0x0000000609c00000|  0%| F|  |TAMS 0x0000000609800000| PB 0x0000000609800000| Untracked 
|  29|0x0000000609c00000, 0x0000000609c00000, 0x000000060a000000|  0%| F|  |TAMS 0x0000000609c00000| PB 0x0000000609c00000| Untracked 
|  30|0x000000060a000000, 0x000000060a000000, 0x000000060a400000|  0%| F|  |TAMS 0x000000060a000000| PB 0x000000060a000000| Untracked 
|  31|0x000000060a400000, 0x000000060a400000, 0x000000060a800000|  0%| F|  |TAMS 0x000000060a400000| PB 0x000000060a400000| Untracked 
|  32|0x000000060a800000, 0x000000060a800000, 0x000000060ac00000|  0%| F|  |TAMS 0x000000060a800000| PB 0x000000060a800000| Untracked 
|  33|0x000000060ac00000, 0x000000060ac00000, 0x000000060b000000|  0%| F|  |TAMS 0x000000060ac00000| PB 0x000000060ac00000| Untracked 
|  34|0x000000060b000000, 0x000000060b000000, 0x000000060b400000|  0%| F|  |TAMS 0x000000060b000000| PB 0x000000060b000000| Untracked 
|  35|0x000000060b400000, 0x000000060b400000, 0x000000060b800000|  0%| F|  |TAMS 0x000000060b400000| PB 0x000000060b400000| Untracked 
|  36|0x000000060b800000, 0x000000060b800000, 0x000000060bc00000|  0%| F|  |TAMS 0x000000060b800000| PB 0x000000060b800000| Untracked 
|  37|0x000000060bc00000, 0x000000060bc00000, 0x000000060c000000|  0%| F|  |TAMS 0x000000060bc00000| PB 0x000000060bc00000| Untracked 
|  38|0x000000060c000000, 0x000000060c000000, 0x000000060c400000|  0%| F|  |TAMS 0x000000060c000000| PB 0x000000060c000000| Untracked 
|  39|0x000000060c400000, 0x000000060c400000, 0x000000060c800000|  0%| F|  |TAMS 0x000000060c400000| PB 0x000000060c400000| Untracked 
|  40|0x000000060c800000, 0x000000060c800000, 0x000000060cc00000|  0%| F|  |TAMS 0x000000060c800000| PB 0x000000060c800000| Untracked 
|  41|0x000000060cc00000, 0x000000060cc00000, 0x000000060d000000|  0%| F|  |TAMS 0x000000060cc00000| PB 0x000000060cc00000| Untracked 
|  42|0x000000060d000000, 0x000000060d000000, 0x000000060d400000|  0%| F|  |TAMS 0x000000060d000000| PB 0x000000060d000000| Untracked 
|  43|0x000000060d400000, 0x000000060d400000, 0x000000060d800000|  0%| F|  |TAMS 0x000000060d400000| PB 0x000000060d400000| Untracked 
|  44|0x000000060d800000, 0x000000060d800000, 0x000000060dc00000|  0%| F|  |TAMS 0x000000060d800000| PB 0x000000060d800000| Untracked 
|  45|0x000000060dc00000, 0x000000060dc00000, 0x000000060e000000|  0%| F|  |TAMS 0x000000060dc00000| PB 0x000000060dc00000| Untracked 
|  46|0x000000060e000000, 0x000000060e000000, 0x000000060e400000|  0%| F|  |TAMS 0x000000060e000000| PB 0x000000060e000000| Untracked 
|  47|0x000000060e400000, 0x000000060e400000, 0x000000060e800000|  0%| F|  |TAMS 0x000000060e400000| PB 0x000000060e400000| Untracked 
|  48|0x000000060e800000, 0x000000060e800000, 0x000000060ec00000|  0%| F|  |TAMS 0x000000060e800000| PB 0x000000060e800000| Untracked 
|  49|0x000000060ec00000, 0x000000060ec00000, 0x000000060f000000|  0%| F|  |TAMS 0x000000060ec00000| PB 0x000000060ec00000| Untracked 
|  50|0x000000060f000000, 0x000000060f000000, 0x000000060f400000|  0%| F|  |TAMS 0x000000060f000000| PB 0x000000060f000000| Untracked 
|  51|0x000000060f400000, 0x000000060f400000, 0x000000060f800000|  0%| F|  |TAMS 0x000000060f400000| PB 0x000000060f400000| Untracked 
|  52|0x000000060f800000, 0x000000060f800000, 0x000000060fc00000|  0%| F|  |TAMS 0x000000060f800000| PB 0x000000060f800000| Untracked 
|  53|0x000000060fc00000, 0x000000060fc00000, 0x0000000610000000|  0%| F|  |TAMS 0x000000060fc00000| PB 0x000000060fc00000| Untracked 
|  54|0x0000000610000000, 0x0000000610000000, 0x0000000610400000|  0%| F|  |TAMS 0x0000000610000000| PB 0x0000000610000000| Untracked 
|  55|0x0000000610400000, 0x0000000610400000, 0x0000000610800000|  0%| F|  |TAMS 0x0000000610400000| PB 0x0000000610400000| Untracked 
|  56|0x0000000610800000, 0x0000000610800000, 0x0000000610c00000|  0%| F|  |TAMS 0x0000000610800000| PB 0x0000000610800000| Untracked 
|  57|0x0000000610c00000, 0x0000000610c00000, 0x0000000611000000|  0%| F|  |TAMS 0x0000000610c00000| PB 0x0000000610c00000| Untracked 
|  58|0x0000000611000000, 0x0000000611000000, 0x0000000611400000|  0%| F|  |TAMS 0x0000000611000000| PB 0x0000000611000000| Untracked 
|  59|0x0000000611400000, 0x0000000611400000, 0x0000000611800000|  0%| F|  |TAMS 0x0000000611400000| PB 0x0000000611400000| Untracked 
|  60|0x0000000611800000, 0x0000000611800000, 0x0000000611c00000|  0%| F|  |TAMS 0x0000000611800000| PB 0x0000000611800000| Untracked 
|  61|0x0000000611c00000, 0x0000000611c00000, 0x0000000612000000|  0%| F|  |TAMS 0x0000000611c00000| PB 0x0000000611c00000| Untracked 
|  62|0x0000000612000000, 0x0000000612000000, 0x0000000612400000|  0%| F|  |TAMS 0x0000000612000000| PB 0x0000000612000000| Untracked 
|  63|0x0000000612400000, 0x0000000612400000, 0x0000000612800000|  0%| F|  |TAMS 0x0000000612400000| PB 0x0000000612400000| Untracked 
|  64|0x0000000612800000, 0x0000000612800000, 0x0000000612c00000|  0%| F|  |TAMS 0x0000000612800000| PB 0x0000000612800000| Untracked 
|  65|0x0000000612c00000, 0x0000000612c00000, 0x0000000613000000|  0%| F|  |TAMS 0x0000000612c00000| PB 0x0000000612c00000| Untracked 
|  66|0x0000000613000000, 0x0000000613000000, 0x0000000613400000|  0%| F|  |TAMS 0x0000000613000000| PB 0x0000000613000000| Untracked 
|  67|0x0000000613400000, 0x0000000613400000, 0x0000000613800000|  0%| F|  |TAMS 0x0000000613400000| PB 0x0000000613400000| Untracked 
|  68|0x0000000613800000, 0x0000000613800000, 0x0000000613c00000|  0%| F|  |TAMS 0x0000000613800000| PB 0x0000000613800000| Untracked 
|  69|0x0000000613c00000, 0x0000000613c00000, 0x0000000614000000|  0%| F|  |TAMS 0x0000000613c00000| PB 0x0000000613c00000| Untracked 
|  70|0x0000000614000000, 0x0000000614000000, 0x0000000614400000|  0%| F|  |TAMS 0x0000000614000000| PB 0x0000000614000000| Untracked 
|  71|0x0000000614400000, 0x0000000614400000, 0x0000000614800000|  0%| F|  |TAMS 0x0000000614400000| PB 0x0000000614400000| Untracked 
|  72|0x0000000614800000, 0x0000000614800000, 0x0000000614c00000|  0%| F|  |TAMS 0x0000000614800000| PB 0x0000000614800000| Untracked 
|  73|0x0000000614c00000, 0x0000000614c00000, 0x0000000615000000|  0%| F|  |TAMS 0x0000000614c00000| PB 0x0000000614c00000| Untracked 
|  74|0x0000000615000000, 0x0000000615000000, 0x0000000615400000|  0%| F|  |TAMS 0x0000000615000000| PB 0x0000000615000000| Untracked 
|  75|0x0000000615400000, 0x0000000615400000, 0x0000000615800000|  0%| F|  |TAMS 0x0000000615400000| PB 0x0000000615400000| Untracked 
|  76|0x0000000615800000, 0x0000000615800000, 0x0000000615c00000|  0%| F|  |TAMS 0x0000000615800000| PB 0x0000000615800000| Untracked 
|  77|0x0000000615c00000, 0x0000000615c00000, 0x0000000616000000|  0%| F|  |TAMS 0x0000000615c00000| PB 0x0000000615c00000| Untracked 
|  78|0x0000000616000000, 0x0000000616000000, 0x0000000616400000|  0%| F|  |TAMS 0x0000000616000000| PB 0x0000000616000000| Untracked 
|  79|0x0000000616400000, 0x0000000616400000, 0x0000000616800000|  0%| F|  |TAMS 0x0000000616400000| PB 0x0000000616400000| Untracked 
|  80|0x0000000616800000, 0x0000000616800000, 0x0000000616c00000|  0%| F|  |TAMS 0x0000000616800000| PB 0x0000000616800000| Untracked 
|  81|0x0000000616c00000, 0x0000000616c00000, 0x0000000617000000|  0%| F|  |TAMS 0x0000000616c00000| PB 0x0000000616c00000| Untracked 
|  82|0x0000000617000000, 0x0000000617000000, 0x0000000617400000|  0%| F|  |TAMS 0x0000000617000000| PB 0x0000000617000000| Untracked 
|  83|0x0000000617400000, 0x0000000617400000, 0x0000000617800000|  0%| F|  |TAMS 0x0000000617400000| PB 0x0000000617400000| Untracked 
|  84|0x0000000617800000, 0x0000000617800000, 0x0000000617c00000|  0%| F|  |TAMS 0x0000000617800000| PB 0x0000000617800000| Untracked 
|  85|0x0000000617c00000, 0x0000000617c00000, 0x0000000618000000|  0%| F|  |TAMS 0x0000000617c00000| PB 0x0000000617c00000| Untracked 
|  86|0x0000000618000000, 0x0000000618000000, 0x0000000618400000|  0%| F|  |TAMS 0x0000000618000000| PB 0x0000000618000000| Untracked 
|  87|0x0000000618400000, 0x0000000618400000, 0x0000000618800000|  0%| F|  |TAMS 0x0000000618400000| PB 0x0000000618400000| Untracked 
|  88|0x0000000618800000, 0x0000000618800000, 0x0000000618c00000|  0%| F|  |TAMS 0x0000000618800000| PB 0x0000000618800000| Untracked 
|  89|0x0000000618c00000, 0x0000000618c00000, 0x0000000619000000|  0%| F|  |TAMS 0x0000000618c00000| PB 0x0000000618c00000| Untracked 
|  90|0x0000000619000000, 0x0000000619000000, 0x0000000619400000|  0%| F|  |TAMS 0x0000000619000000| PB 0x0000000619000000| Untracked 
|  91|0x0000000619400000, 0x0000000619400000, 0x0000000619800000|  0%| F|  |TAMS 0x0000000619400000| PB 0x0000000619400000| Untracked 
|  92|0x0000000619800000, 0x0000000619800000, 0x0000000619c00000|  0%| F|  |TAMS 0x0000000619800000| PB 0x0000000619800000| Untracked 
|  93|0x0000000619c00000, 0x0000000619c00000, 0x000000061a000000|  0%| F|  |TAMS 0x0000000619c00000| PB 0x0000000619c00000| Untracked 
|  94|0x000000061a000000, 0x000000061a000000, 0x000000061a400000|  0%| F|  |TAMS 0x000000061a000000| PB 0x000000061a000000| Untracked 
|  95|0x000000061a400000, 0x000000061a400000, 0x000000061a800000|  0%| F|  |TAMS 0x000000061a400000| PB 0x000000061a400000| Untracked 
|  96|0x000000061a800000, 0x000000061a800000, 0x000000061ac00000|  0%| F|  |TAMS 0x000000061a800000| PB 0x000000061a800000| Untracked 
|  97|0x000000061ac00000, 0x000000061ac00000, 0x000000061b000000|  0%| F|  |TAMS 0x000000061ac00000| PB 0x000000061ac00000| Untracked 
|  98|0x000000061b000000, 0x000000061b000000, 0x000000061b400000|  0%| F|  |TAMS 0x000000061b000000| PB 0x000000061b000000| Untracked 
|  99|0x000000061b400000, 0x000000061b400000, 0x000000061b800000|  0%| F|  |TAMS 0x000000061b400000| PB 0x000000061b400000| Untracked 
| 100|0x000000061b800000, 0x000000061b800000, 0x000000061bc00000|  0%| F|  |TAMS 0x000000061b800000| PB 0x000000061b800000| Untracked 
| 101|0x000000061bc00000, 0x000000061bc00000, 0x000000061c000000|  0%| F|  |TAMS 0x000000061bc00000| PB 0x000000061bc00000| Untracked 
| 102|0x000000061c000000, 0x000000061c000000, 0x000000061c400000|  0%| F|  |TAMS 0x000000061c000000| PB 0x000000061c000000| Untracked 
| 103|0x000000061c400000, 0x000000061c400000, 0x000000061c800000|  0%| F|  |TAMS 0x000000061c400000| PB 0x000000061c400000| Untracked 
| 104|0x000000061c800000, 0x000000061c800000, 0x000000061cc00000|  0%| F|  |TAMS 0x000000061c800000| PB 0x000000061c800000| Untracked 
| 105|0x000000061cc00000, 0x000000061cc00000, 0x000000061d000000|  0%| F|  |TAMS 0x000000061cc00000| PB 0x000000061cc00000| Untracked 
| 106|0x000000061d000000, 0x000000061d000000, 0x000000061d400000|  0%| F|  |TAMS 0x000000061d000000| PB 0x000000061d000000| Untracked 
| 107|0x000000061d400000, 0x000000061d400000, 0x000000061d800000|  0%| F|  |TAMS 0x000000061d400000| PB 0x000000061d400000| Untracked 
| 108|0x000000061d800000, 0x000000061d800000, 0x000000061dc00000|  0%| F|  |TAMS 0x000000061d800000| PB 0x000000061d800000| Untracked 
| 109|0x000000061dc00000, 0x000000061dc00000, 0x000000061e000000|  0%| F|  |TAMS 0x000000061dc00000| PB 0x000000061dc00000| Untracked 
| 110|0x000000061e000000, 0x000000061e000000, 0x000000061e400000|  0%| F|  |TAMS 0x000000061e000000| PB 0x000000061e000000| Untracked 
| 111|0x000000061e400000, 0x000000061e400000, 0x000000061e800000|  0%| F|  |TAMS 0x000000061e400000| PB 0x000000061e400000| Untracked 
| 112|0x000000061e800000, 0x000000061e800000, 0x000000061ec00000|  0%| F|  |TAMS 0x000000061e800000| PB 0x000000061e800000| Untracked 
| 113|0x000000061ec00000, 0x000000061ec00000, 0x000000061f000000|  0%| F|  |TAMS 0x000000061ec00000| PB 0x000000061ec00000| Untracked 
| 114|0x000000061f000000, 0x000000061f000000, 0x000000061f400000|  0%| F|  |TAMS 0x000000061f000000| PB 0x000000061f000000| Untracked 
| 115|0x000000061f400000, 0x000000061f400000, 0x000000061f800000|  0%| F|  |TAMS 0x000000061f400000| PB 0x000000061f400000| Untracked 
| 116|0x000000061f800000, 0x000000061f800000, 0x000000061fc00000|  0%| F|  |TAMS 0x000000061f800000| PB 0x000000061f800000| Untracked 
| 117|0x000000061fc00000, 0x000000061fc00000, 0x0000000620000000|  0%| F|  |TAMS 0x000000061fc00000| PB 0x000000061fc00000| Untracked 
| 118|0x0000000620000000, 0x0000000620000000, 0x0000000620400000|  0%| F|  |TAMS 0x0000000620000000| PB 0x0000000620000000| Untracked 
| 119|0x0000000620400000, 0x0000000620400000, 0x0000000620800000|  0%| F|  |TAMS 0x0000000620400000| PB 0x0000000620400000| Untracked 
| 120|0x0000000620800000, 0x0000000620800000, 0x0000000620c00000|  0%| F|  |TAMS 0x0000000620800000| PB 0x0000000620800000| Untracked 
| 121|0x0000000620c00000, 0x0000000620c00000, 0x0000000621000000|  0%| F|  |TAMS 0x0000000620c00000| PB 0x0000000620c00000| Untracked 
| 122|0x0000000621000000, 0x0000000621000000, 0x0000000621400000|  0%| F|  |TAMS 0x0000000621000000| PB 0x0000000621000000| Untracked 
| 123|0x0000000621400000, 0x0000000621400000, 0x0000000621800000|  0%| F|  |TAMS 0x0000000621400000| PB 0x0000000621400000| Untracked 
| 124|0x0000000621800000, 0x0000000621800000, 0x0000000621c00000|  0%| F|  |TAMS 0x0000000621800000| PB 0x0000000621800000| Untracked 
| 125|0x0000000621c00000, 0x0000000621c00000, 0x0000000622000000|  0%| F|  |TAMS 0x0000000621c00000| PB 0x0000000621c00000| Untracked 
| 126|0x0000000622000000, 0x0000000622400000, 0x0000000622400000|100%| E|  |TAMS 0x0000000622000000| PB 0x0000000622000000| Complete 
| 127|0x0000000622400000, 0x0000000622800000, 0x0000000622800000|100%| E|  |TAMS 0x0000000622400000| PB 0x0000000622400000| Complete 

Card table byte_map: [0x0000016763a60000,0x0000016764a50000] _byte_map_base: 0x0000016760a4c000

Marking Bits: (CMBitMap*) 0x000001674f36acd0
 Bits: [0x0000016764a50000, 0x000001676c9b0000)

Polling page: 0x000001674d200000

Metaspace:

Usage:
  Non-class:      8.60 MB used.
      Class:    806.38 KB used.
       Both:      9.38 MB used.

Virtual space:
  Non-class space:       64.00 MB reserved,       8.69 MB ( 14%) committed,  1 nodes.
      Class space:        1.00 GB reserved,     896.00 KB ( <1%) committed,  1 nodes.
             Both:        1.06 GB reserved,       9.56 MB ( <1%) committed. 

Chunk freelists:
   Non-Class:  7.00 MB
       Class:  15.10 MB
        Both:  22.09 MB

MaxMetaspaceSize: unlimited
CompressedClassSpaceSize: 1.00 GB
Initial GC threshold: 21.00 MB
Current GC threshold: 21.00 MB
CDS: off
 - commit_granule_bytes: 65536.
 - commit_granule_words: 8192.
 - virtual_space_node_default_size: 8388608.
 - enlarge_chunks_in_place: 1.
 - use_allocation_guard: 0.


Internal statistics:

num_allocs_failed_limit: 0.
num_arena_births: 40.
num_arena_deaths: 0.
num_vsnodes_births: 2.
num_vsnodes_deaths: 0.
num_space_committed: 153.
num_space_uncommitted: 0.
num_chunks_returned_to_freelist: 0.
num_chunks_taken_from_freelist: 64.
num_chunk_merges: 0.
num_chunk_splits: 35.
num_chunks_enlarged: 22.
num_inconsistent_stats: 0.

CodeHeap 'non-profiled nmethods': size=119168Kb used=141Kb max_used=141Kb free=119026Kb
 bounds [0x000001675ad70000, 0x000001675afe0000, 0x00000167621d0000]
CodeHeap 'profiled nmethods': size=119104Kb used=696Kb max_used=696Kb free=118407Kb
 bounds [0x00000167531d0000, 0x0000016753440000, 0x000001675a620000]
CodeHeap 'non-nmethods': size=7488Kb used=3145Kb max_used=3160Kb free=4342Kb
 bounds [0x000001675a620000, 0x000001675a940000, 0x000001675ad70000]
 total_blobs=918 nmethods=475 adapters=344
 compilation: enabled
              stopped_count=0, restarted_count=0
 full_count=0

Compilation events (20 events):
Event: 0.177 Thread 0x000001676fb9d1f0 nmethod 467 0x000001675ad92910 code [0x000001675ad92aa0, 0x000001675ad92b70]
Event: 0.177 Thread 0x000001676fb9d1f0  468       3       sun.util.locale.LocaleUtils::isAlpha (30 bytes)
Event: 0.177 Thread 0x000001676fb9d1f0 nmethod 468 0x000001675327a110 code [0x000001675327a2a0, 0x000001675327a488]
Event: 0.177 Thread 0x000001676fe01b00 nmethod 466 0x000001675ad92c10 code [0x000001675ad92d80, 0x000001675ad92df8]
Event: 0.177 Thread 0x000001676fb9d1f0  469       1       sun.util.locale.StringTokenIterator::currentEnd (5 bytes)
Event: 0.177 Thread 0x000001677402d440  470       3       sun.util.locale.LocaleUtils::toLowerString (95 bytes)
Event: 0.177 Thread 0x000001676fb9d1f0 nmethod 469 0x000001675ad92f10 code [0x000001675ad930a0, 0x000001675ad93168]
Event: 0.177 Thread 0x000001676fb9d1f0  471       1       sun.util.locale.BaseLocale$Key::hashCode (5 bytes)
Event: 0.177 Thread 0x000001676fb9d1f0 nmethod 471 0x000001675ad93210 code [0x000001675ad933a0, 0x000001675ad93468]
Event: 0.177 Thread 0x000001676fb9d1f0  472       3       sun.util.locale.BaseLocale::hashCode (67 bytes)
Event: 0.177 Thread 0x000001677402daf0  473       3       sun.util.locale.LocaleUtils::isLower (18 bytes)
Event: 0.177 Thread 0x000001676fc6b1b0  474       3       sun.util.locale.ParseStatus::isError (13 bytes)
Event: 0.177 Thread 0x000001676fb9d1f0 nmethod 472 0x000001675327a510 code [0x000001675327a6e0, 0x000001675327a9a0]
Event: 0.177 Thread 0x000001677402daf0 nmethod 473 0x000001675327ab10 code [0x000001675327aca0, 0x000001675327ae18]
Event: 0.177 Thread 0x000001676fc6b1b0 nmethod 474 0x000001675327ae90 code [0x000001675327b020, 0x000001675327b188]
Event: 0.177 Thread 0x000001676fe01b00  475       4       java.lang.String::hashCode (60 bytes)
Event: 0.178 Thread 0x000001676fb9d1f0  476   !   3       java.lang.ref.ReferenceQueue::poll (40 bytes)
Event: 0.178 Thread 0x000001677402d440 nmethod 470 0x000001675327b210 code [0x000001675327b4e0, 0x000001675327c5e0]
Event: 0.178 Thread 0x000001677402d440  477       3       java.lang.ref.SoftReference::get (29 bytes)
Event: 0.178 Thread 0x000001676fb9d1f0 nmethod 476 0x000001675327cc90 code [0x000001675327cee0, 0x000001675327d970]

GC Heap History (0 events):
No events

Dll operation events (2 events):
Event: 0.004 Loaded shared library C:\Program Files\JetBrains\JetBrains Rider 2024.2.7\jbr\bin\java.dll
Event: 0.008 Loaded shared library C:\Program Files\JetBrains\JetBrains Rider 2024.2.7\jbr\bin\zip.dll

Deoptimization events (4 events):
Event: 0.107 Thread 0x000001674d046760 Uncommon trap: trap_request=0xffffff45 fr.pc=0x000001675ad78678 relative=0x00000000000002b8
Event: 0.107 Thread 0x000001674d046760 Uncommon trap: reason=unstable_if action=reinterpret pc=0x000001675ad78678 method=java.lang.StringLatin1.hashCode([B)I @ 2 c2
Event: 0.107 Thread 0x000001674d046760 DEOPT PACKING pc=0x000001675ad78678 sp=0x0000006629dfbec0
Event: 0.107 Thread 0x000001674d046760 DEOPT UNPACKING pc=0x000001675a677da2 sp=0x0000006629dfbdf8 mode 2

Classes loaded (20 events):
Event: 0.175 Loading class java/util/stream/Nodes$EmptyNode$OfInt
Event: 0.175 Loading class java/util/stream/Node$OfInt
Event: 0.175 Loading class java/util/stream/Node$OfPrimitive
Event: 0.175 Loading class java/util/stream/Node$OfPrimitive done
Event: 0.175 Loading class java/util/stream/Node$OfInt done
Event: 0.175 Loading class java/util/stream/Nodes$EmptyNode$OfInt done
Event: 0.175 Loading class java/util/stream/Nodes$EmptyNode$OfLong
Event: 0.176 Loading class java/util/stream/Node$OfLong
Event: 0.176 Loading class java/util/stream/Node$OfLong done
Event: 0.176 Loading class java/util/stream/Nodes$EmptyNode$OfLong done
Event: 0.176 Loading class java/util/stream/Nodes$EmptyNode$OfDouble
Event: 0.176 Loading class java/util/stream/Node$OfDouble
Event: 0.176 Loading class java/util/stream/Node$OfDouble done
Event: 0.176 Loading class java/util/stream/Nodes$EmptyNode$OfDouble done
Event: 0.176 Loading class java/util/stream/Nodes$FixedNodeBuilder
Event: 0.176 Loading class java/util/stream/Node$Builder
Event: 0.176 Loading class java/util/stream/Node$Builder done
Event: 0.176 Loading class java/util/stream/Nodes$ArrayNode
Event: 0.176 Loading class java/util/stream/Nodes$ArrayNode done
Event: 0.176 Loading class java/util/stream/Nodes$FixedNodeBuilder done

Classes unloaded (0 events):
No events

Classes redefined (0 events):
No events

Internal exceptions (0 events):
No events

ZGC Phase Switch (0 events):
No events

VM Operations (4 events):
Event: 0.083 Executing VM operation: HandshakeAllThreads (Deoptimize)
Event: 0.083 Executing VM operation: HandshakeAllThreads (Deoptimize) done
Event: 0.166 Executing VM operation: HandshakeAllThreads (Deoptimize)
Event: 0.166 Executing VM operation: HandshakeAllThreads (Deoptimize) done

Memory protections (0 events):
No events

Nmethod flushes (0 events):
No events

Events (19 events):
Event: 0.007 Thread 0x000001674d046760 Thread added: 0x000001674d046760
Event: 0.041 Thread 0x000001674d046760 Thread added: 0x000001676fb758c0
Event: 0.041 Thread 0x000001674d046760 Thread added: 0x000001676fb76520
Event: 0.042 Thread 0x000001674d046760 Thread added: 0x000001676fb77f00
Event: 0.043 Thread 0x000001674d046760 Thread added: 0x000001676fb95140
Event: 0.043 Thread 0x000001674d046760 Thread added: 0x000001676fb957b0
Event: 0.043 Thread 0x000001674d046760 Thread added: 0x000001676fb97620
Event: 0.043 Thread 0x000001674d046760 Thread added: 0x000001676fb9c620
Event: 0.043 Thread 0x000001674d046760 Thread added: 0x000001676fb9d1f0
Event: 0.051 Thread 0x000001676fb9d1f0 Thread added: 0x000001676fc6b1b0
Event: 0.062 Thread 0x000001674d046760 Thread added: 0x000001676fdd4ef0
Event: 0.066 Thread 0x000001674d046760 Thread added: 0x000001676fdd5720
Event: 0.071 Loaded shared library C:\Program Files\JetBrains\JetBrains Rider 2024.2.7\jbr\bin\net.dll
Event: 0.072 Loaded shared library C:\Program Files\JetBrains\JetBrains Rider 2024.2.7\jbr\bin\nio.dll
Event: 0.079 Thread 0x000001676fb9c620 Thread added: 0x000001676fe01b00
Event: 0.091 Loaded shared library C:\Program Files\JetBrains\JetBrains Rider 2024.2.7\jbr\bin\zip.dll
Event: 0.126 Loaded shared library C:\Program Files\JetBrains\JetBrains Rider 2024.2.7\jbr\bin\jimage.dll
Event: 0.158 Thread 0x000001676fc6b1b0 Thread added: 0x000001677402d440
Event: 0.158 Thread 0x000001676fc6b1b0 Thread added: 0x000001677402daf0


Dynamic libraries:
0x00007ff6d6290000 - 0x00007ff6d629a000 	C:\Program Files\JetBrains\JetBrains Rider 2024.2.7\jbr\bin\java.exe
0x00007ffb61510000 - 0x00007ffb61727000 	C:\WINDOWS\SYSTEM32\ntdll.dll
0x00007ffb5f440000 - 0x00007ffb5f504000 	C:\WINDOWS\System32\KERNEL32.DLL
0x00007ffb5e840000 - 0x00007ffb5ebed000 	C:\WINDOWS\System32\KERNELBASE.dll
0x00007ffb5ed30000 - 0x00007ffb5ee41000 	C:\WINDOWS\System32\ucrtbase.dll
0x00007ffb57ac0000 - 0x00007ffb57ad8000 	C:\Program Files\JetBrains\JetBrains Rider 2024.2.7\jbr\bin\jli.dll
0x00007ffb59a20000 - 0x00007ffb59a3b000 	C:\Program Files\JetBrains\JetBrains Rider 2024.2.7\jbr\bin\VCRUNTIME140.dll
0x00007ffb5f250000 - 0x00007ffb5f3fe000 	C:\WINDOWS\System32\USER32.dll
0x00007ffb5eed0000 - 0x00007ffb5eef6000 	C:\WINDOWS\System32\win32u.dll
0x00007ffb60330000 - 0x00007ffb60359000 	C:\WINDOWS\System32\GDI32.dll
0x00007ffb47ec0000 - 0x00007ffb48153000 	C:\WINDOWS\WinSxS\amd64_microsoft.windows.common-controls_6595b64144ccf1df_6.0.22621.3672_none_2713b9d173822955\COMCTL32.dll
0x00007ffb5efc0000 - 0x00007ffb5f0d9000 	C:\WINDOWS\System32\gdi32full.dll
0x00007ffb5f6d0000 - 0x00007ffb5f777000 	C:\WINDOWS\System32\msvcrt.dll
0x00007ffb5ec90000 - 0x00007ffb5ed2a000 	C:\WINDOWS\System32\msvcp_win.dll
0x00007ffb5f400000 - 0x00007ffb5f431000 	C:\WINDOWS\System32\IMM32.DLL
0x00007ffb5bad0000 - 0x00007ffb5badc000 	C:\Program Files\JetBrains\JetBrains Rider 2024.2.7\jbr\bin\vcruntime140_1.dll
0x00007ffa73ce0000 - 0x00007ffa73d6d000 	C:\Program Files\JetBrains\JetBrains Rider 2024.2.7\jbr\bin\msvcp140.dll
0x00007ffb1f870000 - 0x00007ffb20627000 	C:\Program Files\JetBrains\JetBrains Rider 2024.2.7\jbr\bin\server\jvm.dll
0x00007ffb5fd00000 - 0x00007ffb5fdb2000 	C:\WINDOWS\System32\ADVAPI32.dll
0x00007ffb61060000 - 0x00007ffb61109000 	C:\WINDOWS\System32\sechost.dll
0x00007ffb5ec60000 - 0x00007ffb5ec88000 	C:\WINDOWS\System32\bcrypt.dll
0x00007ffb60eb0000 - 0x00007ffb60fc4000 	C:\WINDOWS\System32\RPCRT4.dll
0x00007ffb5fe20000 - 0x00007ffb5fe91000 	C:\WINDOWS\System32\WS2_32.dll
0x00007ffb5d6d0000 - 0x00007ffb5d71d000 	C:\WINDOWS\SYSTEM32\POWRPROF.dll
0x00007ffb52de0000 - 0x00007ffb52e14000 	C:\WINDOWS\SYSTEM32\WINMM.dll
0x00007ffb5a7e0000 - 0x00007ffb5a7ea000 	C:\WINDOWS\SYSTEM32\VERSION.dll
0x00007ffb5d6b0000 - 0x00007ffb5d6c3000 	C:\WINDOWS\SYSTEM32\UMPDC.dll
0x00007ffb5d960000 - 0x00007ffb5d978000 	C:\WINDOWS\SYSTEM32\kernel.appcore.dll
0x00007ffb59a00000 - 0x00007ffb59a0a000 	C:\Program Files\JetBrains\JetBrains Rider 2024.2.7\jbr\bin\jimage.dll
0x00007ffb522b0000 - 0x00007ffb524e2000 	C:\WINDOWS\SYSTEM32\DBGHELP.DLL
0x00007ffb5f890000 - 0x00007ffb5fc18000 	C:\WINDOWS\System32\combase.dll
0x00007ffb5fc20000 - 0x00007ffb5fcf7000 	C:\WINDOWS\System32\OLEAUT32.dll
0x00007ffb34030000 - 0x00007ffb34062000 	C:\WINDOWS\SYSTEM32\dbgcore.DLL
0x00007ffb5ee50000 - 0x00007ffb5eecb000 	C:\WINDOWS\System32\bcryptPrimitives.dll
0x00007ffb57a90000 - 0x00007ffb57aaf000 	C:\Program Files\JetBrains\JetBrains Rider 2024.2.7\jbr\bin\java.dll
0x00007ffb578f0000 - 0x00007ffb57908000 	C:\Program Files\JetBrains\JetBrains Rider 2024.2.7\jbr\bin\zip.dll
0x00007ffb60510000 - 0x00007ffb60d6f000 	C:\WINDOWS\System32\SHELL32.dll
0x00007ffb5c7a0000 - 0x00007ffb5d09c000 	C:\WINDOWS\SYSTEM32\windows.storage.dll
0x00007ffb5c660000 - 0x00007ffb5c79f000 	C:\WINDOWS\SYSTEM32\wintypes.dll
0x00007ffb5f780000 - 0x00007ffb5f874000 	C:\WINDOWS\System32\SHCORE.dll
0x00007ffb5fdc0000 - 0x00007ffb5fe1e000 	C:\WINDOWS\System32\shlwapi.dll
0x00007ffb5e770000 - 0x00007ffb5e791000 	C:\WINDOWS\SYSTEM32\profapi.dll
0x00007ffb59950000 - 0x00007ffb59960000 	C:\Program Files\JetBrains\JetBrains Rider 2024.2.7\jbr\bin\net.dll
0x00007ffb5a6a0000 - 0x00007ffb5a7d6000 	C:\WINDOWS\SYSTEM32\WINHTTP.dll
0x00007ffb5ddd0000 - 0x00007ffb5de39000 	C:\WINDOWS\system32\mswsock.dll
0x00007ffb52f30000 - 0x00007ffb52f46000 	C:\Program Files\JetBrains\JetBrains Rider 2024.2.7\jbr\bin\nio.dll

dbghelp: loaded successfully - version: 4.0.5 - missing functions: none
symbol engine: initialized successfully - sym options: 0x614 - pdb path: .;C:\Program Files\JetBrains\JetBrains Rider 2024.2.7\jbr\bin;C:\WINDOWS\SYSTEM32;C:\WINDOWS\WinSxS\amd64_microsoft.windows.common-controls_6595b64144ccf1df_6.0.22621.3672_none_2713b9d173822955;C:\Program Files\JetBrains\JetBrains Rider 2024.2.7\jbr\bin\server

VM Arguments:
jvm_args: -Djava.io.tmpdir=C:\Users\HLC_2021\AppData\Local\JetBrains\Rider2024.2\tmp\statistics-uploader 
java_command: com.intellij.internal.statistic.uploader.EventLogUploader --ide-token C:\Users\HLC_2021\AppData\Local\JetBrains\Rider2024.2\token --recorders FUS;MP --device-fus 081123145822c65-9719-4e6b-922f-48a9ef557b05 --bucket-fus 246 --machine-fus 75b70236d75f4bbc28268497d1918645a0ac4e85f77023aa748fb38380314431 --id-revision-fus 0 --files-fus C:\Users\HLC_2021\AppData\Local\JetBrains\Rider2024.2\event-log-data\logs\FUS\b05e-4595-addf-71b8ee6b3862-242.23726.100-release.log;C:\Users\HLC_2021\AppData\Local\JetBrains\Rider2024.2\event-log-data\logs\FUS\be27-4cea-a132-f9ca052f067e-242.23726.100-release.log;C:\Users\HLC_2021\AppData\Local\JetBrains\Rider2024.2\event-log-data\logs\FUS\e47a-4c22-8bcf-73974b062f71-242.23726.100-release.log --escape-fus true --device-mp 25102416d7d401a-8b26-4771-be78-bc636a546fa9 --bucket-mp 143 --machine-mp e277801d17a483bd07cdbe3dabd52b781688f1fc31f79695bb640ace08346986 --id-revision-mp 0 --files-mp C:\Users\HLC_2021\AppData\Local\JetBrains\Rider2024.2\event-log-data\logs\MP\1c9d-4674-a423-40c3bcbb7f64-242.23726.100-release.log --escape-mp true --url https://resources.jetbrains.com/storage/fus/config/v4/%s/%s.json --product RD --product-version 2024.2.7 --baseline-version 242 --user-agent JetBrains Rider/242.23726.100 --extra-headers 
java_class_path (initial): C:\Program Files\JetBrains\JetBrains Rider 2024.2.7\lib\util-8.jar;C:\Program Files\JetBrains\JetBrains Rider 2024.2.7\lib\annotations.jar;C:\Program Files\JetBrains\JetBrains Rider 2024.2.7\lib\lib-client.jar;C:\Program Files\JetBrains\JetBrains Rider 2024.2.7\lib\stats.jar
Launcher Type: SUN_STANDARD

[Global flags]
     intx CICompilerCount                          = 12                                        {product} {ergonomic}
     uint ConcGCThreads                            = 3                                         {product} {ergonomic}
     uint G1ConcRefinementThreads                  = 13                                        {product} {ergonomic}
   size_t G1HeapRegionSize                         = 4194304                                   {product} {ergonomic}
    uintx GCDrainStackTargetSize                   = 64                                        {product} {ergonomic}
   size_t InitialHeapSize                          = 536870912                                 {product} {ergonomic}
   size_t MarkStackSize                            = 4194304                                   {product} {ergonomic}
   size_t MaxHeapSize                              = 8547991552                                {product} {ergonomic}
   size_t MaxNewSize                               = 5125439488                                {product} {ergonomic}
   size_t MinHeapDeltaBytes                        = 4194304                                   {product} {ergonomic}
   size_t MinHeapSize                              = 8388608                                   {product} {ergonomic}
    uintx NonNMethodCodeHeapSize                   = 7602480                                {pd product} {ergonomic}
    uintx NonProfiledCodeHeapSize                  = 122027880                              {pd product} {ergonomic}
    uintx ProfiledCodeHeapSize                     = 122027880                              {pd product} {ergonomic}
    uintx ReservedCodeCacheSize                    = 251658240                              {pd product} {ergonomic}
     bool SegmentedCodeCache                       = true                                      {product} {ergonomic}
   size_t SoftMaxHeapSize                          = 8547991552                             {manageable} {ergonomic}
     bool UseCompressedOops                        = true                           {product lp64_product} {ergonomic}
     bool UseG1GC                                  = true                                      {product} {ergonomic}
     bool UseLargePagesIndividualAllocation        = false                                  {pd product} {ergonomic}

Logging:
Log output configuration:
 #0: stdout all=warning uptime,level,tags foldmultilines=false
 #1: stderr all=off uptime,level,tags foldmultilines=false

Environment Variables:
PATH=C:\WINDOWS\system32;C:\WINDOWS;C:\WINDOWS\System32\Wbem;C:\WINDOWS\System32\WindowsPowerShell\v1.0\;C:\WINDOWS\System32\OpenSSH\;C:\Program Files\Git\cmd;C:\Program Files\Microsoft SQL Server\150\Tools\Binn\;C:\Program Files\Microsoft SQL Server\Client SDK\ODBC\170\Tools\Binn\;C:\Program Files\dotnet\;C:\Program Files (x86)\NVIDIA Corporation\PhysX\Common;C:\Program Files\NVIDIA Corporation\NVIDIA NvDLISR;C:\Program Files\Calibre2\;C:\Program Files\GameBench\GameBench\lib;C:\Users\HLC_2021\AppData\Local\Microsoft\WindowsApps;C:\Users\HLC_2021\AppData\Local\GitHubDesktop\bin;C:\Program Files\JetBrains\JetBrains Rider 2024.1.3\bin;;C:\Users\HLC_2021\.dotnet\tools
USERNAME=Namhp
OS=Windows_NT
PROCESSOR_IDENTIFIER=Intel64 Family 6 Model 167 Stepping 1, GenuineIntel
TMP=C:\Users\HLC_2021\AppData\Local\Temp
TEMP=C:\Users\HLC_2021\AppData\Local\Temp




Periodic native trim disabled

JNI global refs:
JNI global refs: 16, weak refs: 0

JNI global refs memory usage: 835, weak refs: 201

Process memory usage:
Resident Set Size: 51328K (0% of 33387840K total physical memory with 5303432K free physical memory)

OOME stack traces (most recent first):
Classloader memory used:
Loader bootstrap                                                                       : 9544K
Loader jdk.internal.loader.ClassLoaders$AppClassLoader                                 : 63984B
Loader jdk.internal.loader.ClassLoaders$PlatformClassLoader                            : 2752B

---------------  S Y S T E M  ---------------

OS:
 Windows 11 , 64 bit Build 22621 (10.0.22621.3672)
OS uptime: 0 days 9:34 hours

CPU: total 16 (initial active 16) (8 cores per cpu, 2 threads per core) family 6 model 167 stepping 1 microcode 0x40, cx8, cmov, fxsr, ht, mmx, 3dnowpref, sse, sse2, sse3, ssse3, sse4.1, sse4.2, popcnt, lzcnt, tsc, tscinvbit, avx, avx2, aes, erms, clmul, bmi1, bmi2, adx, avx512f, avx512dq, avx512cd, avx512bw, avx512vl, sha, fma, vzeroupper, avx512_vpopcntdq, avx512_vpclmulqdq, avx512_vaes, avx512_vnni, clflush, clflushopt, avx512_vbmi2, avx512_vbmi, rdtscp, rdpid, fsrm, gfni, avx512_bitalg, f16c, pku, avx512_ifma
Processor Information for all 16 processors :
  Max Mhz: 2496, Current Mhz: 2496, Mhz Limit: 2496

Memory: 4k page, system-wide physical 32605M (5179M free)
TotalPageFile size 59229M (AvailPageFile size 15305M)
current process WorkingSet (physical memory assigned to process): 50M, peak: 50M
current process commit charge ("private bytes"): 613M, peak: 614M

vm_info: OpenJDK 64-Bit Server VM (21.0.4+13-b509.26) for windows-amd64 JRE (21.0.4+13-b509.26), built on 2024-09-27 by "builduser" with MS VC++ 16.10 / 16.11 (VS2019)

END.
